Component: ARM Compiler 5.06 update 6 (build 750) Tool: armlink [4d35ed]

==============================================================================

Section Cross References

    main.o(i.main) refers to schedule.o(i.boot_board_init) for boot_board_init
    main.o(i.main) refers to schedule.o(i.loop_check) for loop_check
    main.o(i.main) refers to schedule.o(i.duty_loop) for duty_loop
    system_stm32f4xx.o(i.SystemCoreClockUpdate) refers to system_stm32f4xx.o(.data) for SystemCoreClock
    system_stm32f4xx.o(i.SystemInit) refers to system_stm32f4xx.o(i.SetSysClock) for SetSysClock
    delay.o(i.delay_init) refers to misc.o(i.SysTick_CLKSourceConfig) for SysTick_CLKSourceConfig
    delay.o(i.delay_init) refers to delay.o(.data) for fac_us
    delay.o(i.delay_ms) refers to delay.o(i.delay_xms) for delay_xms
    delay.o(i.delay_us) refers to delay.o(.data) for fac_us
    delay.o(i.delay_xms) refers to delay.o(.data) for fac_ms
    shell.o(i.shellAdd) refers to shell.o(.bss) for shellList
    shell.o(i.shellBackspace) refers to shell.o(i.shellDeleteByte) for shellDeleteByte
    shell.o(i.shellCheckPassword) refers to strcmp.o(.text) for strcmp
    shell.o(i.shellCheckPassword) refers to shell.o(i.shellWriteString) for shellWriteString
    shell.o(i.shellCheckPassword) refers to shell.o(.data) for shellText
    shell.o(i.shellClear) refers to shell.o(i.shellGetCurrent) for shellGetCurrent
    shell.o(i.shellClear) refers to shell.o(i.shellWriteString) for shellWriteString
    shell.o(i.shellClear) refers to shell.o(.data) for shellText
    shell.o(i.shellClearCommandLine) refers to shell.o(i.shellWriteByte) for shellWriteByte
    shell.o(i.shellClearCommandLine) refers to shell.o(i.shellDeleteCommandLine) for shellDeleteCommandLine
    shell.o(i.shellCmds) refers to shell.o(i.shellGetCurrent) for shellGetCurrent
    shell.o(i.shellCmds) refers to shell.o(i.shellListCommand) for shellListCommand
    shell.o(i.shellDelete) refers to shell.o(i.shellDeleteByte) for shellDeleteByte
    shell.o(i.shellDeleteByte) refers to shell.o(i.shellDeleteCommandLine) for shellDeleteCommandLine
    shell.o(i.shellDeleteByte) refers to shell.o(i.shellWriteByte) for shellWriteByte
    shell.o(i.shellDeleteCommandLine) refers to shell.o(i.shellWriteString) for shellWriteString
    shell.o(i.shellDown) refers to shell.o(i.shellHistory) for shellHistory
    shell.o(i.shellEnter) refers to shell.o(i.shellExec) for shellExec
    shell.o(i.shellEnter) refers to shell.o(i.shellWriteCommandLine) for shellWriteCommandLine
    shell.o(i.shellExec) refers to shell.o(i.shellHistoryAdd) for shellHistoryAdd
    shell.o(i.shellExec) refers to shell.o(i.shellParserParam) for shellParserParam
    shell.o(i.shellExec) refers to shell.o(i.shellWriteString) for shellWriteString
    shell.o(i.shellExec) refers to shell.o(i.shellSeekCommand) for shellSeekCommand
    shell.o(i.shellExec) refers to shell.o(i.shellRunCommand) for shellRunCommand
    shell.o(i.shellExec) refers to shell.o(i.shellCheckPassword) for shellCheckPassword
    shell.o(i.shellExec) refers to shell.o(.data) for shellText
    shell.o(i.shellGetCommandName) refers to shell.o(i.shellToHex) for shellToHex
    shell.o(i.shellGetCommandName) refers to shell.o(.bss) for buffer
    shell.o(i.shellGetCurrent) refers to shell.o(.bss) for shellList
    shell.o(i.shellHandler) refers to shell.o(i.shellCheckPermission) for shellCheckPermission
    shell.o(i.shellHandler) refers to shell.o(i.shellNormalInput) for shellNormalInput
    shell.o(i.shellHelp) refers to shell.o(i.shellGetCurrent) for shellGetCurrent
    shell.o(i.shellHelp) refers to shell.o(i.shellListAll) for shellListAll
    shell.o(i.shellHelp) refers to shell.o(i.shellSeekCommand) for shellSeekCommand
    shell.o(i.shellHelp) refers to shell.o(i.shellWriteString) for shellWriteString
    shell.o(i.shellHelp) refers to shell.o(i.shellGetCommandName) for shellGetCommandName
    shell.o(i.shellHelp) refers to shell.o(i.shellGetCommandDesc) for shellGetCommandDesc
    shell.o(i.shellHelp) refers to shell.o(.data) for shellText
    shell.o(i.shellHistory) refers to shell.o(i.shellClearCommandLine) for shellClearCommandLine
    shell.o(i.shellHistory) refers to shell.o(i.shellStringCopy) for shellStringCopy
    shell.o(i.shellHistory) refers to shell.o(i.shellWriteString) for shellWriteString
    shell.o(i.shellHistoryAdd) refers to strcmp.o(.text) for strcmp
    shell.o(i.shellHistoryAdd) refers to shell.o(i.shellStringCopy) for shellStringCopy
    shell.o(i.shellInit) refers to shell.o(i.shellAdd) for shellAdd
    shell.o(i.shellInit) refers to shell.o(i.shellSeekCommand) for shellSeekCommand
    shell.o(i.shellInit) refers to shell.o(i.shellSetUser) for shellSetUser
    shell.o(i.shellInit) refers to shell.o(i.shellWriteCommandLine) for shellWriteCommandLine
    shell.o(i.shellInsertByte) refers to shell.o(i.shellWriteString) for shellWriteString
[...]
    __lit__00000000                          0x08000198   Data           4  entry2.o(.ARM.Collect$$$$00002712)
    .emb_text                                0x0800019c   Section       16  sys.o(.emb_text)
    $v0                                      0x0800019c   Number         0  sys.o(.emb_text)
    .text                                    0x080001ac   Section       36  startup_stm32f40_41xxx.o(.text)
    $v0                                      0x080001ac   Number         0  startup_stm32f40_41xxx.o(.text)
    .text                                    0x080001d0   Section        0  memcpya.o(.text)
    .text                                    0x080001f4   Section        0  memseta.o(.text)
    .text                                    0x08000218   Section        0  strlen.o(.text)
    .text                                    0x08000226   Section        0  strcmp.o(.text)
    .text                                    0x08000242   Section        0  strncmp.o(.text)
    .text                                    0x08000260   Section        0  uidiv.o(.text)
    .text                                    0x0800028c   Section        0  uldiv.o(.text)
    .text                                    0x080002ee   Section        0  dadd.o(.text)
    .text                                    0x080002ee   Section        0  iusefp.o(.text)
    .text                                    0x0800043c   Section        0  dmul.o(.text)
    .text                                    0x08000520   Section        0  ddiv.o(.text)
    .text                                    0x080005fe   Section        0  dfixul.o(.text)
    .text                                    0x08000630   Section       48  cdrcmple.o(.text)
    .text                                    0x08000660   Section       36  init.o(.text)
    .text                                    0x08000684   Section        0  llshl.o(.text)
    .text                                    0x080006a2   Section        0  llushr.o(.text)
    .text                                    0x080006c2   Section        0  llsshr.o(.text)
    .text                                    0x080006e6   Section        0  depilogue.o(.text)
    .text                                    0x080007a0   Section        0  __dczerorl2.o(.text)
    i.BusFault_Handler                       0x080007f6   Section        0  stm32f4xx_it.o(i.BusFault_Handler)
    i.DebugMon_Handler                       0x080007fa   Section        0  stm32f4xx_it.o(i.DebugMon_Handler)
    i.FLASH_DataCacheCmd                     0x080007fc   Section        0  stm32f4xx_flash.o(i.FLASH_DataCacheCmd)
    i.FLASH_EraseSector                      0x08000820   Section        0  stm32f4xx_flash.o(i.FLASH_EraseSector)
    i.FLASH_GetStatus                        0x080008a8   Section        0  stm32f4xx_flash.o(i.FLASH_GetStatus)
    i.FLASH_Lock                             0x080008fc   Section        0  stm32f4xx_flash.o(i.FLASH_Lock)
    i.FLASH_ProgramWord                      0x08000910   Section        0  stm32f4xx_flash.o(i.FLASH_ProgramWord)
    i.FLASH_Unlock                           0x08000960   Section        0  stm32f4xx_flash.o(i.FLASH_Unlock)
    i.FLASH_WaitForLastOperation             0x08000984   Section        0  stm32f4xx_flash.o(i.FLASH_WaitForLastOperation)
    i.GPIO_Init                              0x080009a6   Section        0  stm32f4xx_gpio.o(i.GPIO_Init)
    i.GPIO_PinAFConfig                       0x08000a36   Section        0  stm32f4xx_gpio.o(i.GPIO_PinAFConfig)
    i.GPIO_WriteBit                          0x08000a7c   Section        0  stm32f4xx_gpio.o(i.GPIO_WriteBit)
    i.HardFault_Handler                      0x08000a86   Section        0  stm32f4xx_it.o(i.HardFault_Handler)
    i.MemManage_Handler                      0x08000a8a   Section        0  stm32f4xx_it.o(i.MemManage_Handler)
    i.NMI_Handler                            0x08000a8e   Section        0  stm32f4xx_it.o(i.NMI_Handler)
    i.NVIC_Init                              0x08000a90   Section        0  misc.o(i.NVIC_Init)
    i.NVIC_PriorityGroupConfig               0x08000b08   Section        0  misc.o(i.NVIC_PriorityGroupConfig)
    i.PendSV_Handler                         0x08000b1c   Section        0  stm32f4xx_it.o(i.PendSV_Handler)
    i.RCC_AHB1PeriphClockCmd                 0x08000b20   Section        0  stm32f4xx_rcc.o(i.RCC_AHB1PeriphClockCmd)
    i.RCC_APB1PeriphClockCmd                 0x08000b40   Section        0  stm32f4xx_rcc.o(i.RCC_APB1PeriphClockCmd)
    i.RCC_APB2PeriphClockCmd                 0x08000b60   Section        0  stm32f4xx_rcc.o(i.RCC_APB2PeriphClockCmd)
    i.RCC_GetClocksFreq                      0x08000b80   Section        0  stm32f4xx_rcc.o(i.RCC_GetClocksFreq)
    i.STMFLASH_GetFlashSector                0x08000c68   Section        0  stmflash.o(i.STMFLASH_GetFlashSector)
    i.STMFLASH_ReadWord                      0x08000d08   Section        0  stmflash.o(i.STMFLASH_ReadWord)
    i.STMFLASH_Write                         0x08000d10   Section        0  stmflash.o(i.STMFLASH_Write)
    i.SVC_Handler                            0x08000da8   Section        0  stm32f4xx_it.o(i.SVC_Handler)
    i.SetSysClock                            0x08000dac   Section        0  system_stm32f4xx.o(i.SetSysClock)
    SetSysClock                              0x08000dad   Thumb Code   220  system_stm32f4xx.o(i.SetSysClock)
    i.SysTick_CLKSourceConfig                0x08000e98   Section        0  misc.o(i.SysTick_CLKSourceConfig)
    i.SysTick_Handler                        0x08000ec0   Section        0  stm32f4xx_it.o(i.SysTick_Handler)
    i.SystemInit                             0x08000ec4   Section        0  system_stm32f4xx.o(i.SystemInit)
    i.TIM3_IRQHandler                        0x08000f2c   Section        0  bsp_timer.o(i.TIM3_IRQHandler)
    i.TIM5_IRQHandler                        0x08000f4c   Section        0  bsp_timer.o(i.TIM5_IRQHandler)
    i.TIM_ClearITPendingBit                  0x08000f7c   Section        0  stm32f4xx_tim.o(i.TIM_ClearITPendingBit)
    i.TIM_Cmd                                0x08000f82   Section        0  stm32f4xx_tim.o(i.TIM_Cmd)
    i.TIM_GetITStatus                        0x08000f9a   Section        0  stm32f4xx_tim.o(i.TIM_GetITStatus)
    i.TIM_ITConfig                           0x08000fbc   Section        0  stm32f4xx_tim.o(i.TIM_ITConfig)
    i.TIM_TimeBaseInit                       0x08000fd0   Section        0  stm32f4xx_tim.o(i.TIM_TimeBaseInit)
    i.USART1_IRQHandler                      0x08001054   Section        0  bsp_uart.o(i.USART1_IRQHandler)
    i.USART_ClearITPendingBit                0x080010cc   Section        0  stm32f4xx_usart.o(i.USART_ClearITPendingBit)
    i.USART_Cmd                              0x080010ea   Section        0  stm32f4xx_usart.o(i.USART_Cmd)
    i.USART_GetFlagStatus                    0x08001102   Section        0  stm32f4xx_usart.o(i.USART_GetFlagStatus)
    i.USART_GetITStatus                      0x0800111c   Section        0  stm32f4xx_usart.o(i.USART_GetITStatus)
    i.USART_ITConfig                         0x08001170   Section        0  stm32f4xx_usart.o(i.USART_ITConfig)
    i.USART_Init                             0x080011bc   Section        0  stm32f4xx_usart.o(i.USART_Init)
    i.USART_ReceiveData                      0x08001290   Section        0  stm32f4xx_usart.o(i.USART_ReceiveData)
    i.USART_SendData                         0x0800129a   Section        0  stm32f4xx_usart.o(i.USART_SendData)
    i.UsageFault_Handler                     0x080012a2   Section        0  stm32f4xx_it.o(i.UsageFault_Handler)
    i.__0printf                              0x080012a8   Section        0  printfa.o(i.__0printf)
    i.__scatterload_copy                     0x080012c8   Section       14  handlers.o(i.__scatterload_copy)
    i.__scatterload_null                     0x080012d6   Section        2  handlers.o(i.__scatterload_null)
    i.__scatterload_zeroinit                 0x080012d8   Section       14  handlers.o(i.__scatterload_zeroinit)
    i._fp_digits                             0x080012e8   Section        0  printfa.o(i._fp_digits)
    _fp_digits                               0x080012e9   Thumb Code   366  printfa.o(i._fp_digits)
    i._printf_core                           0x0800146c   Section        0  printfa.o(i._printf_core)
    _printf_core                             0x0800146d   Thumb Code  1744  printfa.o(i._printf_core)
    i._printf_post_padding                   0x08001b48   Section        0  printfa.o(i._printf_post_padding)
    _printf_post_padding                     0x08001b49   Thumb Code    36  printfa.o(i._printf_post_padding)
    i._printf_pre_padding                    0x08001b6c   Section        0  printfa.o(i._printf_pre_padding)
    _printf_pre_padding                      0x08001b6d   Thumb Code    46  printfa.o(i._printf_pre_padding)
    i.boot_board_init                        0x08001b9c   Section        0  schedule.o(i.boot_board_init)
    i.delay_init                             0x08001c74   Section        0  delay.o(i.delay_init)
    i.delay_us                               0x08001cb0   Section        0  delay.o(i.delay_us)
    i.duty_loop                              0x08001cfc   Section        0  schedule.o(i.duty_loop)
    i.fputc                                  0x08001d58   Section        0  bsp_uart.o(i.fputc)
    i.get_sys_time_ms                        0x08001d74   Section        0  timer.o(i.get_sys_time_ms)
    i.get_ymodem_status                      0x08001d80   Section        0  ymodem.o(i.get_ymodem_status)
    i.gpio_out_in_init                       0x08001d8c   Section        0  bsp_gpio.o(i.gpio_out_in_init)
    i.iap_load_app                           0x08001de8   Section        0  iap.o(i.iap_load_app)
    i.iap_write_appbin                       0x08001e24   Section        0  iap.o(i.iap_write_appbin)
    i.key_init                               0x08001e8c   Section        0  key.o(i.key_init)
    i.loop_1000hz                            0x08001ea4   Section        0  schedule.o(i.loop_1000hz)
    loop_1000hz                              0x08001ea5   Thumb Code    12  schedule.o(i.loop_1000hz)
    i.loop_100hz                             0x08001eb4   Section        0  schedule.o(i.loop_100hz)
    loop_100hz                               0x08001eb5   Thumb Code    72  schedule.o(i.loop_100hz)
    i.loop_500hz                             0x08001f20   Section        0  schedule.o(i.loop_500hz)
    loop_500hz                               0x08001f21   Thumb Code     2  schedule.o(i.loop_500hz)
    i.loop_check                             0x08001f24   Section        0  schedule.o(i.loop_check)
    i.main                                   0x08001f80   Section        0  main.o(i.main)
    i.malloc                                 0x08001f90   Section        0  malloc.o(i.malloc)
    i.reboot                                 0x08001ffc   Section        0  commond.o(i.reboot)
    i.serial_init                            0x0800200c   Section        0  serial.o(i.serial_init)
    i.set_ymodem_status                      0x08002044   Section        0  ymodem.o(i.set_ymodem_status)
    i.shellAdd                               0x08002050   Section        0  shell.o(i.shellAdd)
    shellAdd                                 0x08002051   Thumb Code    34  shell.o(i.shellAdd)
    i.shellBackspace                         0x08002078   Section        0  shell.o(i.shellBackspace)
    i.shellCheckPassword                     0x08002088   Section        0  shell.o(i.shellCheckPassword)
    shellCheckPassword                       0x08002089   Thumb Code    62  shell.o(i.shellCheckPassword)
    i.shellCheckPermission                   0x080020cc   Section        0  shell.o(i.shellCheckPermission)
    i.shellClear                             0x08002104   Section        0  shell.o(i.shellClear)
    i.shellClearCommandLine                  0x08002120   Section        0  shell.o(i.shellClearCommandLine)
    i.shellCmds                              0x08002148   Section        0  shell.o(i.shellCmds)
    i.shellDelete                            0x0800215a   Section        0  shell.o(i.shellDelete)
    i.shellDeleteByte                        0x0800216a   Section        0  shell.o(i.shellDeleteByte)
    i.shellDeleteCommandLine                 0x08002244   Section        0  shell.o(i.shellDeleteCommandLine)
    i.shellDown                              0x08002264   Section        0  shell.o(i.shellDown)
    i.shellEnter                             0x08002274   Section        0  shell.o(i.shellEnter)
    i.shellExec                              0x08002288   Section        0  shell.o(i.shellExec)
    i.shellExtNumType                        0x080022fc   Section        0  shell_ext.o(i.shellExtNumType)
    shellExtNumType                          0x080022fd   Thumb Code    88  shell_ext.o(i.shellExtNumType)
    i.shellExtParseChar                      0x08002354   Section        0  shell_ext.o(i.shellExtParseChar)
    shellExtParseChar                        0x08002355   Thumb Code    70  shell_ext.o(i.shellExtParseChar)
    i.shellExtParseNumber                    0x0800239c   Section        0  shell_ext.o(i.shellExtParseNumber)
    shellExtParseNumber                      0x0800239d   Thumb Code   232  shell_ext.o(i.shellExtParseNumber)
    i.shellExtParsePara                      0x08002488   Section        0  shell_ext.o(i.shellExtParsePara)
    i.shellExtParseString                    0x080024de   Section        0  shell_ext.o(i.shellExtParseString)
    shellExtParseString                      0x080024df   Thumb Code    74  shell_ext.o(i.shellExtParseString)
    i.shellExtParseVar                       0x08002528   Section        0  shell_ext.o(i.shellExtParseVar)
    shellExtParseVar                         0x08002529   Thumb Code    36  shell_ext.o(i.shellExtParseVar)
    i.shellExtRun                            0x0800254c   Section        0  shell_ext.o(i.shellExtRun)
    i.shellExtToNum                          0x08002616   Section        0  shell_ext.o(i.shellExtToNum)
    shellExtToNum                            0x08002617   Thumb Code    54  shell_ext.o(i.shellExtToNum)
    i.shellGetCommandDesc                    0x0800264c   Section        0  shell.o(i.shellGetCommandDesc)
    shellGetCommandDesc                      0x0800264d   Thumb Code    48  shell.o(i.shellGetCommandDesc)
    i.shellGetCommandName                    0x0800267c   Section        0  shell.o(i.shellGetCommandName)
    shellGetCommandName                      0x0800267d   Thumb Code    76  shell.o(i.shellGetCommandName)
    i.shellGetCurrent                        0x080026cc   Section        0  shell.o(i.shellGetCurrent)
    i.shellGetVarValue                       0x08002700   Section        0  shell.o(i.shellGetVarValue)
    i.shellHandler                           0x08002754   Section        0  shell.o(i.shellHandler)
    i.shellHelp                              0x08002840   Section        0  shell.o(i.shellHelp)
    i.shellHistory                           0x080028c8   Section        0  shell.o(i.shellHistory)
    shellHistory                             0x080028c9   Thumb Code   194  shell.o(i.shellHistory)
    i.shellHistoryAdd                        0x0800298a   Section        0  shell.o(i.shellHistoryAdd)
    shellHistoryAdd                          0x0800298b   Thumb Code   122  shell.o(i.shellHistoryAdd)
    i.shellInit                              0x08002a04   Section        0  shell.o(i.shellInit)
    i.shellInsertByte                        0x08002aa4   Section        0  shell.o(i.shellInsertByte)
    i.shellKeys                              0x08002b7c   Section        0  shell.o(i.shellKeys)
    i.shellLeft                              0x08002b8e   Section        0  shell.o(i.shellLeft)
    i.shellListAll                           0x08002ba8   Section        0  shell.o(i.shellListAll)
    i.shellListCommand                       0x08002bbc   Section        0  shell.o(i.shellListCommand)
    i.shellListItem                          0x08002c08   Section        0  shell.o(i.shellListItem)
    i.shellListKey                           0x08002cb0   Section        0  shell.o(i.shellListKey)
    i.shellListUser                          0x08002d08   Section        0  shell.o(i.shellListUser)
    i.shellListVar                           0x08002d60   Section        0  shell.o(i.shellListVar)
    i.shellNormalInput                       0x08002db8   Section        0  shell.o(i.shellNormalInput)
    i.shellParserParam                       0x08002dd4   Section        0  shell.o(i.shellParserParam)
    shellParserParam                         0x08002dd5   Thumb Code   142  shell.o(i.shellParserParam)
    i.shellRemoveParamQuotes                 0x08002e62   Section        0  shell.o(i.shellRemoveParamQuotes)
    shellRemoveParamQuotes                   0x08002e63   Thumb Code   104  shell.o(i.shellRemoveParamQuotes)
    i.shellRight                             0x08002eca   Section        0  shell.o(i.shellRight)
    i.shellRunCommand                        0x08002ee8   Section        0  shell.o(i.shellRunCommand)
    i.shellSeekCommand                       0x08002f96   Section        0  shell.o(i.shellSeekCommand)
    i.shellSetUser                           0x0800301c   Section        0  shell.o(i.shellSetUser)
    shellSetUser                             0x0800301d   Thumb Code    86  shell.o(i.shellSetUser)
    i.shellSetVar                            0x08003078   Section        0  shell.o(i.shellSetVar)
    i.shellSetVarValue                       0x080030e8   Section        0  shell.o(i.shellSetVarValue)
    i.shellShowVar                           0x08003178   Section        0  shell.o(i.shellShowVar)
    shellShowVar                             0x08003179   Thumb Code   158  shell.o(i.shellShowVar)
    i.shellStringCompare                     0x08003238   Section        0  shell.o(i.shellStringCompare)
    shellStringCompare                       0x08003239   Thumb Code    44  shell.o(i.shellStringCompare)
    i.shellStringCopy                        0x08003264   Section        0  shell.o(i.shellStringCopy)
    shellStringCopy                          0x08003265   Thumb Code    24  shell.o(i.shellStringCopy)
    i.shellTab                               0x0800327c   Section        0  shell.o(i.shellTab)
    i.shellToDec                             0x0800338c   Section        0  shell.o(i.shellToDec)
    i.shellToHex                             0x080033e2   Section        0  shell.o(i.shellToHex)
    i.shellUp                                0x0800341a   Section        0  shell.o(i.shellUp)
    i.shellUsers                             0x08003428   Section        0  shell.o(i.shellUsers)
    i.shellVars                              0x0800343a   Section        0  shell.o(i.shellVars)
    i.shellWriteByte                         0x0800344c   Section        0  shell.o(i.shellWriteByte)
    i.shellWriteCommandLine                  0x08003460   Section        0  shell.o(i.shellWriteCommandLine)
    shellWriteCommandLine                    0x08003461   Thumb Code    66  shell.o(i.shellWriteCommandLine)
    i.shellWriteReturnValue                  0x080034b4   Section        0  shell.o(i.shellWriteReturnValue)
    shellWriteReturnValue                    0x080034b5   Thumb Code   104  shell.o(i.shellWriteReturnValue)
    i.shellWriteString                       0x08003540   Section        0  shell.o(i.shellWriteString)
    i.signal_create                          0x0800356e   Section        0  signal_led.o(i.signal_create)
    i.signal_handle                          0x08003598   Section        0  signal_led.o(i.signal_handle)
    i.signal_led_init                        0x080035d4   Section        0  signal_led.o(i.signal_led_init)
    i.signal_led_off                         0x080035ec   Section        0  signal_led.o(i.signal_led_off)
    i.signal_led_on                          0x08003604   Section        0  signal_led.o(i.signal_led_on)
    i.signal_led_toggle_state                0x0800361c   Section        0  signal_led.o(i.signal_led_toggle_state)
    i.sys_time                               0x08003644   Section        0  timer.o(i.sys_time)
    i.timer_base_level_init                  0x08003654   Section        0  bsp_timer.o(i.timer_base_level_init)
    i.timer_init                             0x080036d4   Section        0  timer.o(i.timer_init)
    i.uart_init                              0x08003714   Section        0  bsp_uart.o(i.uart_init)
    i.usart_SendByte                         0x080037d2   Section        0  bsp_uart.o(i.usart_SendByte)
    i.user_shell_init                        0x080037f0   Section        0  shell_port.o(i.user_shell_init)
    i.user_shell_write                       0x08003814   Section        0  shell_port.o(i.user_shell_write)
    i.ymodem_ack                             0x08003828   Section        0  ymodem.o(i.ymodem_ack)
    i.ymodem_c                               0x08003838   Section        0  ymodem.o(i.ymodem_c)
    i.ymodem_nack                            0x08003848   Section        0  ymodem.o(i.ymodem_nack)
    i.ymodem_ota                             0x08003858   Section        0  commond.o(i.ymodem_ota)
    i.ymodem_recv                            0x0800386c   Section        0  ymodem.o(i.ymodem_recv)
    i.ymodem_task                            0x0800399c   Section        0  ymodem.o(i.ymodem_task)
    .constdata                               0x08003aa4   Section      225  shell.o(.constdata)
    .constdata                               0x08003b85   Section       17  signal_led.o(.constdata)
    .constdata                               0x08003b96   Section       36  commond.o(.constdata)
    .conststring                             0x08003bbc   Section      676  shell.o(.conststring)
    shellCommand                             0x08003e80   Section      288  shell.o(shellCommand)
    __tagsym$$used                           0x08003e80   Number         0  shell.o(shellCommand)
    __tagsym$$used                           0x08003e90   Number         0  shell.o(shellCommand)
    __tagsym$$used                           0x08003ea0   Number         0  shell.o(shellCommand)
    __tagsym$$used                           0x08003eb0   Number         0  shell.o(shellCommand)
    __tagsym$$used                           0x08003ec0   Number         0  shell.o(shellCommand)
    __tagsym$$used                           0x08003ed0   Number         0  shell.o(shellCommand)
    __tagsym$$used                           0x08003ee0   Number         0  shell.o(shellCommand)
    __tagsym$$used                           0x08003ef0   Number         0  shell.o(shellCommand)
    __tagsym$$used                           0x08003f00   Number         0  shell.o(shellCommand)
    __tagsym$$used                           0x08003f10   Number         0  shell.o(shellCommand)
    __tagsym$$used                           0x08003f20   Number         0  shell.o(shellCommand)
    __tagsym$$used                           0x08003f30   Number         0  shell.o(shellCommand)
    __tagsym$$used                           0x08003f40   Number         0  shell.o(shellCommand)
    __tagsym$$used                           0x08003f50   Number         0  shell.o(shellCommand)
    __tagsym$$used                           0x08003f60   Number         0  shell.o(shellCommand)
    __tagsym$$used                           0x08003f70   Number         0  shell.o(shellCommand)
    __tagsym$$used                           0x08003f80   Number         0  shell.o(shellCommand)
    __tagsym$$used                           0x08003f90   Number         0  shell.o(shellCommand)
    shellCommand                             0x08003fa0   Section       16  signal_led.o(shellCommand)
    __tagsym$$used                           0x08003fa0   Number         0  signal_led.o(shellCommand)
    shellCommand                             0x08003fb0   Section       32  commond.o(shellCommand)
    __tagsym$$used                           0x08003fb0   Number         0  commond.o(shellCommand)
    __tagsym$$used                           0x08003fc0   Number         0  commond.o(shellCommand)
    .data                                    0x20000000   Section        4  delay.o(.data)
    fac_us                                   0x20000000   Data           1  delay.o(.data)
    fac_ms                                   0x20000002   Data           2  delay.o(.data)
    .data                                    0x20000004   Section       84  shell.o(.data)
    shellText                                0x20000004   Data          84  shell.o(.data)
    .data                                    0x20000058   Section       16  stm32f4xx_rcc.o(.data)
    APBAHBPrescTable                         0x20000058   Data          16  stm32f4xx_rcc.o(.data)
    .data                                    0x20000068   Section        4  bsp_uart.o(.data)
    .data                                    0x2000006c   Section       28  timer.o(.data)
    .data                                    0x20000088   Section       16  signal_led.o(.data)
    current_time                             0x20000094   Data           4  signal_led.o(.data)
    .data                                    0x20000098   Section       32  serial.o(.data)
    .data                                    0x200000b8   Section        8  key.o(.data)
    .data                                    0x200000c0   Section        4  iap.o(.data)
    .data                                    0x200000c4   Section       68  ymodem.o(.data)
    i                                        0x200000f8   Data           4  ymodem.o(.data)
    USART_RX_CNT                             0x200000fc   Data           4  ymodem.o(.data)
    cnt                                      0x20000100   Data           4  ymodem.o(.data)
    c_delay                                  0x20000104   Data           4  ymodem.o(.data)
    .data                                    0x20000108   Section       48  schedule.o(.data)
    sched_task                               0x20000110   Data          36  schedule.o(.data)
    app_cnt                                  0x20000134   Data           4  schedule.o(.data)
    .data                                    0x20000138   Section        1  commond.o(.data)
    .data                                    0x2000013c   Section        4  mvars.o(.data)
    .data                                    0x20000140   Section        4  mvars.o(.data)
    .bss                                     0x20000144   Section       29  shell.o(.bss)
    shellList                                0x20000144   Data          20  shell.o(.bss)
    buffer                                   0x20000158   Data           9  shell.o(.bss)
    .bss                                     0x20000164   Section      620  shell_port.o(.bss)
    .bss                                     0x200003d0   Section     1202  bsp_timer.o(.bss)
    HEAP                                     0x20000888   Section      512  startup_stm32f40_41xxx.o(HEAP)
    STACK                                    0x20000a88   Section     1024  startup_stm32f40_41xxx.o(STACK)
    .ARM.__AT_0x20001000                     0x20001000   Section    122880  bsp_uart.o(.ARM.__AT_0x20001000)
    .bss                                     0x2001f000   Section     2048  iap.o(.bss)

    Global Symbols

    Symbol Name                              Value     Ov Type        Size  Object(Section)

    BuildAttributes$$THM_ISAv4$E$P$D$K$B$S$7EM$VFPi3$EXTD16$VFPS$VFMA$PE$A:L22UL41UL21$X:L11$S22US41US21$IEEE1$IW$USESV6$~STKCKD$USESV7$~SHL$OSPACE$ROPI$EBA8$MICROLIB$REQ8$PRES8$EABIv2 0x00000000   Number         0  anon$$obj.o ABSOLUTE
    __ARM_use_no_argv                        0x00000000   Number         0  main.o ABSOLUTE
    __use_no_errno                           0x00000000   Number         0  useno.o ABSOLUTE
    __use_no_exception_handling              0x00000000   Number         0  useno.o ABSOLUTE
    __use_no_fp                              0x00000000   Number         0  useno.o ABSOLUTE
    __use_no_heap                            0x00000000   Number         0  useno.o ABSOLUTE
    __use_no_heap_region                     0x00000000   Number         0  useno.o ABSOLUTE
    __use_no_semihosting                     0x00000000   Number         0  useno.o ABSOLUTE
    __use_no_semihosting_swi                 0x00000000   Number         0  useno.o ABSOLUTE
    __use_no_signal_handling                 0x00000000   Number         0  useno.o ABSOLUTE
    __cpp_initialize__aeabi_                  - Undefined Weak Reference
    __cxa_finalize                            - Undefined Weak Reference
    _clock_init                               - Undefined Weak Reference
    _microlib_exit                            - Undefined Weak Reference
    __Vectors_Size                           0x00000188   Number         0  startup_stm32f40_41xxx.o ABSOLUTE
    __Vectors                                0x08000000   Data           4  startup_stm32f40_41xxx.o(RESET)
    __Vectors_End                            0x08000188   Data           0  startup_stm32f40_41xxx.o(RESET)
    __main                                   0x08000189   Thumb Code     0  entry.o(.ARM.Collect$$$$00000000)
    _main_stk                                0x08000189   Thumb Code     0  entry2.o(.ARM.Collect$$$$00000001)
    _main_scatterload                        0x0800018d   Thumb Code     0  entry5.o(.ARM.Collect$$$$00000004)
    __main_after_scatterload                 0x08000191   Thumb Code     0  entry5.o(.ARM.Collect$$$$00000004)
    _main_clock                              0x08000191   Thumb Code     0  entry7b.o(.ARM.Collect$$$$00000008)
    _main_cpp_init                           0x08000191   Thumb Code     0  entry8b.o(.ARM.Collect$$$$0000000A)
    _main_init                               0x08000191   Thumb Code     0  entry9a.o(.ARM.Collect$$$$0000000B)
    __rt_final_cpp                           0x08000199   Thumb Code     0  entry10a.o(.ARM.Collect$$$$0000000D)
    __rt_final_exit                          0x08000199   Thumb Code     0  entry11a.o(.ARM.Collect$$$$0000000F)
    WFI_SET                                  0x0800019d   Thumb Code     2  sys.o(.emb_text)
    INTX_DISABLE                             0x0800019f   Thumb Code     4  sys.o(.emb_text)
    INTX_ENABLE                              0x080001a3   Thumb Code     4  sys.o(.emb_text)
    MSR_MSP                                  0x080001a7   Thumb Code     6  sys.o(.emb_text)
    Reset_Handler                            0x080001ad   Thumb Code     8  startup_stm32f40_41xxx.o(.text)
    ADC_IRQHandler                           0x080001c7   Thumb Code     0  startup_stm32f40_41xxx.o(.text)
    CAN1_RX0_IRQHandler                      0x080001c7   Thumb Code     0  startup_stm32f40_41xxx.o(.text)
    CAN1_RX1_IRQHandler                      0x080001c7   Thumb Code     0  startup_stm32f40_41xxx.o(.text)
    CAN1_SCE_IRQHandler                      0x080001c7   Thumb Code     0  startup_stm32f40_41xxx.o(.text)
    CAN1_TX_IRQHandler                       0x080001c7   Thumb Code     0  startup_stm32f40_41xxx.o(.text)
    CAN2_RX0_IRQHandler                      0x080001c7   Thumb Code     0  startup_stm32f40_41xxx.o(.text)
    CAN2_RX1_IRQHandler                      0x080001c7   Thumb Code     0  startup_stm32f40_41xxx.o(.text)
    CAN2_SCE_IRQHandler                      0x080001c7   Thumb Code     0  startup_stm32f40_41xxx.o(.text)
    CAN2_TX_IRQHandler                       0x080001c7   Thumb Code     0  startup_stm32f40_41xxx.o(.text)
    CRYP_IRQHandler                          0x080001c7   Thumb Code     0  startup_stm32f40_41xxx.o(.text)
    DCMI_IRQHandler                          0x080001c7   Thumb Code     0  startup_stm32f40_41xxx.o(.text)
    DMA1_Stream0_IRQHandler                  0x080001c7   Thumb Code     0  startup_stm32f40_41xxx.o(.text)
    DMA1_Stream1_IRQHandler                  0x080001c7   Thumb Code     0  startup_stm32f40_41xxx.o(.text)
    DMA1_Stream2_IRQHandler                  0x080001c7   Thumb Code     0  startup_stm32f40_41xxx.o(.text)
    DMA1_Stream3_IRQHandler                  0x080001c7   Thumb Code     0  startup_stm32f40_41xxx.o(.text)
    DMA1_Stream4_IRQHandler                  0x080001c7   Thumb Code     0  startup_stm32f40_41xxx.o(.text)
    DMA1_Stream5_IRQHandler                  0x080001c7   Thumb Code     0  startup_stm32f40_41xxx.o(.text)
    DMA1_Stream6_IRQHandler                  0x080001c7   Thumb Code     0  startup_stm32f40_41xxx.o(.text)
    DMA1_Stream7_IRQHandler                  0x080001c7   Thumb Code     0  startup_stm32f40_41xxx.o(.text)
    DMA2_Stream0_IRQHandler                  0x080001c7   Thumb Code     0  startup_stm32f40_41xxx.o(.text)
    DMA2_Stream1_IRQHandler                  0x080001c7   Thumb Code     0  startup_stm32f40_41xxx.o(.text)
    DMA2_Stream2_IRQHandler                  0x080001c7   Thumb Code     0  startup_stm32f40_41xxx.o(.text)
    DMA2_Stream3_IRQHandler                  0x080001c7   Thumb Code     0  startup_stm32f40_41xxx.o(.text)
    DMA2_Stream4_IRQHandler                  0x080001c7   Thumb Code     0  startup_stm32f40_41xxx.o(.text)
    DMA2_Stream5_IRQHandler                  0x080001c7   Thumb Code     0  startup_stm32f40_41xxx.o(.text)
    DMA2_Stream6_IRQHandler                  0x080001c7   Thumb Code     0  startup_stm32f40_41xxx.o(.text)
    DMA2_Stream7_IRQHandler                  0x080001c7   Thumb Code     0  startup_stm32f40_41xxx.o(.text)
    ETH_IRQHandler                           0x080001c7   Thumb Code     0  startup_stm32f40_41xxx.o(.text)
    ETH_WKUP_IRQHandler                      0x080001c7   Thumb Code     0  startup_stm32f40_41xxx.o(.text)
    EXTI0_IRQHandler                         0x080001c7   Thumb Code     0  startup_stm32f40_41xxx.o(.text)
    EXTI15_10_IRQHandler                     0x080001c7   Thumb Code     0  startup_stm32f40_41xxx.o(.text)
    EXTI1_IRQHandler                         0x080001c7   Thumb Code     0  startup_stm32f40_41xxx.o(.text)
    EXTI2_IRQHandler                         0x080001c7   Thumb Code     0  startup_stm32f40_41xxx.o(.text)
    EXTI3_IRQHandler                         0x080001c7   Thumb Code     0  startup_stm32f40_41xxx.o(.text)
    EXTI4_IRQHandler                         0x080001c7   Thumb Code     0  startup_stm32f40_41xxx.o(.text)
    EXTI9_5_IRQHandler                       0x080001c7   Thumb Code     0  startup_stm32f40_41xxx.o(.text)
    FLASH_IRQHandler                         0x080001c7   Thumb Code     0  startup_stm32f40_41xxx.o(.text)
    FPU_IRQHandler                           0x080001c7   Thumb Code     0  startup_stm32f40_41xxx.o(.text)
    FSMC_IRQHandler                          0x080001c7   Thumb Code     0  startup_stm32f40_41xxx.o(.text)
    HASH_RNG_IRQHandler                      0x080001c7   Thumb Code     0  startup_stm32f40_41xxx.o(.text)
    I2C1_ER_IRQHandler                       0x080001c7   Thumb Code     0  startup_stm32f40_41xxx.o(.text)
    I2C1_EV_IRQHandler                       0x080001c7   Thumb Code     0  startup_stm32f40_41xxx.o(.text)
    I2C2_ER_IRQHandler                       0x080001c7   Thumb Code     0  startup_stm32f40_41xxx.o(.text)
    I2C2_EV_IRQHandler                       0x080001c7   Thumb Code     0  startup_stm32f40_41xxx.o(.text)
    I2C3_ER_IRQHandler                       0x080001c7   Thumb Code     0  startup_stm32f40_41xxx.o(.text)
    I2C3_EV_IRQHandler                       0x080001c7   Thumb Code     0  startup_stm32f40_41xxx.o(.text)
    OTG_FS_IRQHandler                        0x080001c7   Thumb Code     0  startup_stm32f40_41xxx.o(.text)
    OTG_FS_WKUP_IRQHandler                   0x080001c7   Thumb Code     0  startup_stm32f40_41xxx.o(.text)
    OTG_HS_EP1_IN_IRQHandler                 0x080001c7   Thumb Code     0  startup_stm32f40_41xxx.o(.text)
    OTG_HS_EP1_OUT_IRQHandler                0x080001c7   Thumb Code     0  startup_stm32f40_41xxx.o(.text)
    OTG_HS_IRQHandler                        0x080001c7   Thumb Code     0  startup_stm32f40_41xxx.o(.text)
    OTG_HS_WKUP_IRQHandler                   0x080001c7   Thumb Code     0  startup_stm32f40_41xxx.o(.text)
    PVD_IRQHandler                           0x080001c7   Thumb Code     0  startup_stm32f40_41xxx.o(.text)
    RCC_IRQHandler                           0x080001c7   Thumb Code     0  startup_stm32f40_41xxx.o(.text)
    RTC_Alarm_IRQHandler                     0x080001c7   Thumb Code     0  startup_stm32f40_41xxx.o(.text)
    RTC_WKUP_IRQHandler                      0x080001c7   Thumb Code     0  startup_stm32f40_41xxx.o(.text)
    SDIO_IRQHandler                          0x080001c7   Thumb Code     0  startup_stm32f40_41xxx.o(.text)
    SPI1_IRQHandler                          0x080001c7   Thumb Code     0  startup_stm32f40_41xxx.o(.text)
    SPI2_IRQHandler                          0x080001c7   Thumb Code     0  startup_stm32f40_41xxx.o(.text)
    SPI3_IRQHandler                          0x080001c7   Thumb Code     0  startup_stm32f40_41xxx.o(.text)
    TAMP_STAMP_IRQHandler                    0x080001c7   Thumb Code     0  startup_stm32f40_41xxx.o(.text)
    TIM1_BRK_TIM9_IRQHandler                 0x080001c7   Thumb Code     0  startup_stm32f40_41xxx.o(.text)
    TIM1_CC_IRQHandler                       0x080001c7   Thumb Code     0  startup_stm32f40_41xxx.o(.text)
    TIM1_TRG_COM_TIM11_IRQHandler            0x080001c7   Thumb Code     0  startup_stm32f40_41xxx.o(.text)
    TIM1_UP_TIM10_IRQHandler                 0x080001c7   Thumb Code     0  startup_stm32f40_41xxx.o(.text)
    TIM2_IRQHandler                          0x080001c7   Thumb Code     0  startup_stm32f40_41xxx.o(.text)
    TIM4_IRQHandler                          0x080001c7   Thumb Code     0  startup_stm32f40_41xxx.o(.text)
    TIM6_DAC_IRQHandler                      0x080001c7   Thumb Code     0  startup_stm32f40_41xxx.o(.text)
    TIM7_IRQHandler                          0x080001c7   Thumb Code     0  startup_stm32f40_41xxx.o(.text)
    TIM8_BRK_TIM12_IRQHandler                0x080001c7   Thumb Code     0  startup_stm32f40_41xxx.o(.text)
    TIM8_CC_IRQHandler                       0x080001c7   Thumb Code     0  startup_stm32f40_41xxx.o(.text)
    TIM8_TRG_COM_TIM14_IRQHandler            0x080001c7   Thumb Code     0  startup_stm32f40_41xxx.o(.text)
    TIM8_UP_TIM13_IRQHandler                 0x080001c7   Thumb Code     0  startup_stm32f40_41xxx.o(.text)
    UART4_IRQHandler                         0x080001c7   Thumb Code     0  startup_stm32f40_41xxx.o(.text)
    UART5_IRQHandler                         0x080001c7   Thumb Code     0  startup_stm32f40_41xxx.o(.text)
    USART2_IRQHandler                        0x080001c7   Thumb Code     0  startup_stm32f40_41xxx.o(.text)
    USART3_IRQHandler                        0x080001c7   Thumb Code     0  startup_stm32f40_41xxx.o(.text)
    USART6_IRQHandler                        0x080001c7   Thumb Code     0  startup_stm32f40_41xxx.o(.text)
    WWDG_IRQHandler                          0x080001c7   Thumb Code     0  startup_stm32f40_41xxx.o(.text)
    __aeabi_memcpy                           0x080001d1   Thumb Code    36  memcpya.o(.text)
    __aeabi_memcpy4                          0x080001d1   Thumb Code     0  memcpya.o(.text)
    __aeabi_memcpy8                          0x080001d1   Thumb Code     0  memcpya.o(.text)
    __aeabi_memset                           0x080001f5   Thumb Code    14  memseta.o(.text)
    __aeabi_memset4                          0x080001f5   Thumb Code     0  memseta.o(.text)
    __aeabi_memset8                          0x080001f5   Thumb Code     0  memseta.o(.text)
    __aeabi_memclr                           0x08000203   Thumb Code     4  memseta.o(.text)
    __aeabi_memclr4                          0x08000203   Thumb Code     0  memseta.o(.text)
    __aeabi_memclr8                          0x08000203   Thumb Code     0  memseta.o(.text)
    _memset$wrapper                          0x08000207   Thumb Code    18  memseta.o(.text)
    strlen                                   0x08000219   Thumb Code    14  strlen.o(.text)
    strcmp                                   0x08000227   Thumb Code    28  strcmp.o(.text)
    strncmp                                  0x08000243   Thumb Code    30  strncmp.o(.text)
    __aeabi_uidiv                            0x08000261   Thumb Code     0  uidiv.o(.text)
    __aeabi_uidivmod                         0x08000261   Thumb Code    44  uidiv.o(.text)
    __aeabi_uldivmod                         0x0800028d   Thumb Code    98  uldiv.o(.text)
    __I$use$fp                               0x080002ef   Thumb Code     0  iusefp.o(.text)
    __aeabi_dadd                             0x080002ef   Thumb Code   322  dadd.o(.text)
    __aeabi_dsub                             0x08000431   Thumb Code     6  dadd.o(.text)
    __aeabi_drsub                            0x08000437   Thumb Code     6  dadd.o(.text)
    __aeabi_dmul                             0x0800043d   Thumb Code   228  dmul.o(.text)
    __aeabi_ddiv                             0x08000521   Thumb Code   222  ddiv.o(.text)
    __aeabi_d2ulz                            0x080005ff   Thumb Code    48  dfixul.o(.text)
    __aeabi_cdrcmple                         0x08000631   Thumb Code    48  cdrcmple.o(.text)
    __scatterload                            0x08000661   Thumb Code    28  init.o(.text)
    __scatterload_rt2                        0x08000661   Thumb Code     0  init.o(.text)
    __aeabi_llsl                             0x08000685   Thumb Code    30  llshl.o(.text)
    _ll_shift_l                              0x08000685   Thumb Code     0  llshl.o(.text)
    __aeabi_llsr                             0x080006a3   Thumb Code    32  llushr.o(.text)
    _ll_ushift_r                             0x080006a3   Thumb Code     0  llushr.o(.text)
    __aeabi_lasr                             0x080006c3   Thumb Code    36  llsshr.o(.text)
    _ll_sshift_r                             0x080006c3   Thumb Code     0  llsshr.o(.text)
    _double_round                            0x080006e7   Thumb Code    30  depilogue.o(.text)
    _double_epilogue                         0x08000705   Thumb Code   156  depilogue.o(.text)
    __decompress                             0x080007a1   Thumb Code     0  __dczerorl2.o(.text)
    __decompress1                            0x080007a1   Thumb Code    86  __dczerorl2.o(.text)
    BusFault_Handler                         0x080007f7   Thumb Code     4  stm32f4xx_it.o(i.BusFault_Handler)
    DebugMon_Handler                         0x080007fb   Thumb Code     2  stm32f4xx_it.o(i.DebugMon_Handler)
    FLASH_DataCacheCmd                       0x080007fd   Thumb Code    30  stm32f4xx_flash.o(i.FLASH_DataCacheCmd)
    FLASH_EraseSector                        0x08000821   Thumb Code   130  stm32f4xx_flash.o(i.FLASH_EraseSector)
    FLASH_GetStatus                          0x080008a9   Thumb Code    80  stm32f4xx_flash.o(i.FLASH_GetStatus)
    FLASH_Lock                               0x080008fd   Thumb Code    14  stm32f4xx_flash.o(i.FLASH_Lock)
    FLASH_ProgramWord                        0x08000911   Thumb Code    74  stm32f4xx_flash.o(i.FLASH_ProgramWord)
    FLASH_Unlock                             0x08000961   Thumb Code    24  stm32f4xx_flash.o(i.FLASH_Unlock)
    FLASH_WaitForLastOperation               0x08000985   Thumb Code    34  stm32f4xx_flash.o(i.FLASH_WaitForLastOperation)
    GPIO_Init                                0x080009a7   Thumb Code   144  stm32f4xx_gpio.o(i.GPIO_Init)
    GPIO_PinAFConfig                         0x08000a37   Thumb Code    70  stm32f4xx_gpio.o(i.GPIO_PinAFConfig)
    GPIO_WriteBit                            0x08000a7d   Thumb Code    10  stm32f4xx_gpio.o(i.GPIO_WriteBit)
    HardFault_Handler                        0x08000a87   Thumb Code     4  stm32f4xx_it.o(i.HardFault_Handler)
    MemManage_Handler                        0x08000a8b   Thumb Code     4  stm32f4xx_it.o(i.MemManage_Handler)
    NMI_Handler                              0x08000a8f   Thumb Code     2  stm32f4xx_it.o(i.NMI_Handler)
    NVIC_Init                                0x08000a91   Thumb Code   106  misc.o(i.NVIC_Init)
    NVIC_PriorityGroupConfig                 0x08000b09   Thumb Code    10  misc.o(i.NVIC_PriorityGroupConfig)
    PendSV_Handler                           0x08000b1d   Thumb Code     2  stm32f4xx_it.o(i.PendSV_Handler)
    RCC_AHB1PeriphClockCmd                   0x08000b21   Thumb Code    26  stm32f4xx_rcc.o(i.RCC_AHB1PeriphClockCmd)
    RCC_APB1PeriphClockCmd                   0x08000b41   Thumb Code    26  stm32f4xx_rcc.o(i.RCC_APB1PeriphClockCmd)
    RCC_APB2PeriphClockCmd                   0x08000b61   Thumb Code    26  stm32f4xx_rcc.o(i.RCC_APB2PeriphClockCmd)
    RCC_GetClocksFreq                        0x08000b81   Thumb Code   214  stm32f4xx_rcc.o(i.RCC_GetClocksFreq)
    STMFLASH_GetFlashSector                  0x08000c69   Thumb Code   116  stmflash.o(i.STMFLASH_GetFlashSector)
    STMFLASH_ReadWord                        0x08000d09   Thumb Code     6  stmflash.o(i.STMFLASH_ReadWord)
    STMFLASH_Write                           0x08000d11   Thumb Code   146  stmflash.o(i.STMFLASH_Write)
    SVC_Handler                              0x08000da9   Thumb Code     2  stm32f4xx_it.o(i.SVC_Handler)
    SysTick_CLKSourceConfig                  0x08000e99   Thumb Code    40  misc.o(i.SysTick_CLKSourceConfig)
    SysTick_Handler                          0x08000ec1   Thumb Code     2  stm32f4xx_it.o(i.SysTick_Handler)
    SystemInit                               0x08000ec5   Thumb Code    88  system_stm32f4xx.o(i.SystemInit)
    TIM3_IRQHandler                          0x08000f2d   Thumb Code    28  bsp_timer.o(i.TIM3_IRQHandler)
    TIM5_IRQHandler                          0x08000f4d   Thumb Code    38  bsp_timer.o(i.TIM5_IRQHandler)
    TIM_ClearITPendingBit                    0x08000f7d   Thumb Code     6  stm32f4xx_tim.o(i.TIM_ClearITPendingBit)
    TIM_Cmd                                  0x08000f83   Thumb Code    24  stm32f4xx_tim.o(i.TIM_Cmd)
    TIM_GetITStatus                          0x08000f9b   Thumb Code    34  stm32f4xx_tim.o(i.TIM_GetITStatus)
    TIM_ITConfig                             0x08000fbd   Thumb Code    18  stm32f4xx_tim.o(i.TIM_ITConfig)
    TIM_TimeBaseInit                         0x08000fd1   Thumb Code   104  stm32f4xx_tim.o(i.TIM_TimeBaseInit)
    USART1_IRQHandler                        0x08001055   Thumb Code   100  bsp_uart.o(i.USART1_IRQHandler)
    USART_ClearITPendingBit                  0x080010cd   Thumb Code    30  stm32f4xx_usart.o(i.USART_ClearITPendingBit)
    USART_Cmd                                0x080010eb   Thumb Code    24  stm32f4xx_usart.o(i.USART_Cmd)
    USART_GetFlagStatus                      0x08001103   Thumb Code    26  stm32f4xx_usart.o(i.USART_GetFlagStatus)
    USART_GetITStatus                        0x0800111d   Thumb Code    84  stm32f4xx_usart.o(i.USART_GetITStatus)
    USART_ITConfig                           0x08001171   Thumb Code    74  stm32f4xx_usart.o(i.USART_ITConfig)
    USART_Init                               0x080011bd   Thumb Code   204  stm32f4xx_usart.o(i.USART_Init)
    USART_ReceiveData                        0x08001291   Thumb Code    10  stm32f4xx_usart.o(i.USART_ReceiveData)
    USART_SendData                           0x0800129b   Thumb Code     8  stm32f4xx_usart.o(i.USART_SendData)
    UsageFault_Handler                       0x080012a3   Thumb Code     4  stm32f4xx_it.o(i.UsageFault_Handler)
    __0printf                                0x080012a9   Thumb Code    22  printfa.o(i.__0printf)
    __1printf                                0x080012a9   Thumb Code     0  printfa.o(i.__0printf)
    __2printf                                0x080012a9   Thumb Code     0  printfa.o(i.__0printf)
    __c89printf                              0x080012a9   Thumb Code     0  printfa.o(i.__0printf)
    printf                                   0x080012a9   Thumb Code     0  printfa.o(i.__0printf)
    __scatterload_copy                       0x080012c9   Thumb Code    14  handlers.o(i.__scatterload_copy)
    __scatterload_null                       0x080012d7   Thumb Code     2  handlers.o(i.__scatterload_null)
    __scatterload_zeroinit                   0x080012d9   Thumb Code    14  handlers.o(i.__scatterload_zeroinit)
    boot_board_init                          0x08001b9d   Thumb Code    80  schedule.o(i.boot_board_init)
    delay_init                               0x08001c75   Thumb Code    52  delay.o(i.delay_init)
    delay_us                                 0x08001cb1   Thumb Code    72  delay.o(i.delay_us)
    duty_loop                                0x08001cfd   Thumb Code    84  schedule.o(i.duty_loop)
    fputc                                    0x08001d59   Thumb Code    22  bsp_uart.o(i.fputc)
    get_sys_time_ms                          0x08001d75   Thumb Code     6  timer.o(i.get_sys_time_ms)
    get_ymodem_status                        0x08001d81   Thumb Code     6  ymodem.o(i.get_ymodem_status)
    gpio_out_in_init                         0x08001d8d   Thumb Code    92  bsp_gpio.o(i.gpio_out_in_init)
    iap_load_app                             0x08001de9   Thumb Code    50  iap.o(i.iap_load_app)
    iap_write_appbin                         0x08001e25   Thumb Code   100  iap.o(i.iap_write_appbin)
    key_init                                 0x08001e8d   Thumb Code    14  key.o(i.key_init)
    loop_check                               0x08001f25   Thumb Code    82  schedule.o(i.loop_check)
    main                                     0x08001f81   Thumb Code    16  main.o(i.main)
    malloc                                   0x08001f91   Thumb Code    92  malloc.o(i.malloc)
    reboot                                   0x08001ffd   Thumb Code     8  commond.o(i.reboot)
    serial_init                              0x0800200d   Thumb Code    38  serial.o(i.serial_init)
    set_ymodem_status                        0x08002045   Thumb Code     6  ymodem.o(i.set_ymodem_status)
    shellBackspace                           0x08002079   Thumb Code    14  shell.o(i.shellBackspace)
    shellCheckPermission                     0x080020cd   Thumb Code    54  shell.o(i.shellCheckPermission)
    shellClear                               0x08002105   Thumb Code    22  shell.o(i.shellClear)
    shellClearCommandLine                    0x08002121   Thumb Code    40  shell.o(i.shellClearCommandLine)
    shellCmds                                0x08002149   Thumb Code    18  shell.o(i.shellCmds)
    shellDelete                              0x0800215b   Thumb Code    16  shell.o(i.shellDelete)
    shellDeleteByte                          0x0800216b   Thumb Code   218  shell.o(i.shellDeleteByte)
    shellDeleteCommandLine                   0x08002245   Thumb Code    28  shell.o(i.shellDeleteCommandLine)
    shellDown                                0x08002265   Thumb Code    16  shell.o(i.shellDown)
    shellEnter                               0x08002275   Thumb Code    20  shell.o(i.shellEnter)
    shellExec                                0x08002289   Thumb Code   108  shell.o(i.shellExec)
    shellExtParsePara                        0x08002489   Thumb Code    86  shell_ext.o(i.shellExtParsePara)
    shellExtRun                              0x0800254d   Thumb Code   202  shell_ext.o(i.shellExtRun)
    shellGetCurrent                          0x080026cd   Thumb Code    48  shell.o(i.shellGetCurrent)
    shellGetVarValue                         0x08002701   Thumb Code    84  shell.o(i.shellGetVarValue)
    shellHandler                             0x08002755   Thumb Code   232  shell.o(i.shellHandler)
    shellHelp                                0x08002841   Thumb Code   128  shell.o(i.shellHelp)
    shellInit                                0x08002a05   Thumb Code   144  shell.o(i.shellInit)
    shellInsertByte                          0x08002aa5   Thumb Code   212  shell.o(i.shellInsertByte)
    shellKeys                                0x08002b7d   Thumb Code    18  shell.o(i.shellKeys)
    shellLeft                                0x08002b8f   Thumb Code    26  shell.o(i.shellLeft)
    shellListAll                             0x08002ba9   Thumb Code    18  shell.o(i.shellListAll)
    shellListCommand                         0x08002bbd   Thumb Code    70  shell.o(i.shellListCommand)
    shellListItem                            0x08002c09   Thumb Code   162  shell.o(i.shellListItem)
    shellListKey                             0x08002cb1   Thumb Code    84  shell.o(i.shellListKey)
    shellListUser                            0x08002d09   Thumb Code    84  shell.o(i.shellListUser)
    shellListVar                             0x08002d61   Thumb Code    84  shell.o(i.shellListVar)
    shellNormalInput                         0x08002db9   Thumb Code    28  shell.o(i.shellNormalInput)
    shellRight                               0x08002ecb   Thumb Code    30  shell.o(i.shellRight)
    shellRunCommand                          0x08002ee9   Thumb Code   174  shell.o(i.shellRunCommand)
    shellSeekCommand                         0x08002f97   Thumb Code   132  shell.o(i.shellSeekCommand)
    shellSetVar                              0x08003079   Thumb Code   106  shell.o(i.shellSetVar)
    shellSetVarValue                         0x080030e9   Thumb Code   140  shell.o(i.shellSetVarValue)
    shellTab                                 0x0800327d   Thumb Code   266  shell.o(i.shellTab)
    shellToDec                               0x0800338d   Thumb Code    86  shell.o(i.shellToDec)
    shellToHex                               0x080033e3   Thumb Code    56  shell.o(i.shellToHex)
    shellUp                                  0x0800341b   Thumb Code    14  shell.o(i.shellUp)
    shellUsers                               0x08003429   Thumb Code    18  shell.o(i.shellUsers)
    shellVars                                0x0800343b   Thumb Code    18  shell.o(i.shellVars)
    shellWriteByte                           0x0800344d   Thumb Code    20  shell.o(i.shellWriteByte)
    shellWriteString                         0x08003541   Thumb Code    46  shell.o(i.shellWriteString)
    signal_create                            0x0800356f   Thumb Code    40  signal_led.o(i.signal_create)
    signal_handle                            0x08003599   Thumb Code    50  signal_led.o(i.signal_handle)
    signal_led_init                          0x080035d5   Thumb Code    14  signal_led.o(i.signal_led_init)
    signal_led_off                           0x080035ed   Thumb Code    16  signal_led.o(i.signal_led_off)
    signal_led_on                            0x08003605   Thumb Code    16  signal_led.o(i.signal_led_on)
    signal_led_toggle_state                  0x0800361d   Thumb Code    40  signal_led.o(i.signal_led_toggle_state)
    sys_time                                 0x08003645   Thumb Code    12  timer.o(i.sys_time)
    timer_base_level_init                    0x08003655   Thumb Code   126  bsp_timer.o(i.timer_base_level_init)
    timer_init                               0x080036d5   Thumb Code    48  timer.o(i.timer_init)
    uart_init                                0x08003715   Thumb Code   190  bsp_uart.o(i.uart_init)
    usart_SendByte                           0x080037d3   Thumb Code    30  bsp_uart.o(i.usart_SendByte)
    user_shell_init                          0x080037f1   Thumb Code    22  shell_port.o(i.user_shell_init)
    user_shell_write                         0x08003815   Thumb Code    14  shell_port.o(i.user_shell_write)
    ymodem_ack                               0x08003829   Thumb Code    12  ymodem.o(i.ymodem_ack)
    ymodem_c                                 0x08003839   Thumb Code    12  ymodem.o(i.ymodem_c)
    ymodem_nack                              0x08003849   Thumb Code    12  ymodem.o(i.ymodem_nack)
    ymodem_ota                               0x08003859   Thumb Code    16  commond.o(i.ymodem_ota)
    ymodem_recv                              0x0800386d   Thumb Code   282  ymodem.o(i.ymodem_recv)
    ymodem_task                              0x0800399d   Thumb Code   190  ymodem.o(i.ymodem_task)
    shellCmdDefaultUser                      0x08003aa4   Data           5  shell.o(.constdata)
    shellPasswordDefaultUser                 0x08003aa9   Data           1  shell.o(.constdata)
    shellDesDefaultUser                      0x08003aaa   Data          13  shell.o(.constdata)
    shellCmdsetVar                           0x08003ab7   Data           7  shell.o(.constdata)
    shellDescsetVar                          0x08003abe   Data           8  shell.o(.constdata)
    shellDesc0x1B5B4100                      0x08003ac6   Data           3  shell.o(.constdata)
    shellDesc0x1B5B4200                      0x08003ac9   Data           5  shell.o(.constdata)
    shellDesc0x1B5B4300                      0x08003ace   Data           6  shell.o(.constdata)
    shellDesc0x1B5B4400                      0x08003ad4   Data           5  shell.o(.constdata)
    shellDesc0x09000000                      0x08003ad9   Data           4  shell.o(.constdata)
    shellDesc0x08000000                      0x08003add   Data          10  shell.o(.constdata)
    shellDesc0x7F000000                      0x08003ae7   Data          10  shell.o(.constdata)
    shellDesc0x1B5B337E                      0x08003af1   Data           7  shell.o(.constdata)
    shellDesc0x0A000000                      0x08003af8   Data           6  shell.o(.constdata)
    shellDesc0x0D000000                      0x08003afe   Data           6  shell.o(.constdata)
    shellCmdhelp                             0x08003b04   Data           5  shell.o(.constdata)
    shellDeschelp                            0x08003b09   Data          30  shell.o(.constdata)
    shellCmdusers                            0x08003b27   Data           6  shell.o(.constdata)
    shellDescusers                           0x08003b2d   Data          14  shell.o(.constdata)
    shellCmdcmds                             0x08003b3b   Data           5  shell.o(.constdata)
    shellDesccmds                            0x08003b40   Data          13  shell.o(.constdata)
    shellCmdvars                             0x08003b4d   Data           5  shell.o(.constdata)
    shellDescvars                            0x08003b52   Data          13  shell.o(.constdata)
    shellCmdkeys                             0x08003b5f   Data           5  shell.o(.constdata)
    shellDesckeys                            0x08003b64   Data          13  shell.o(.constdata)
    shellCmdclear                            0x08003b71   Data           6  shell.o(.constdata)
    shellDescclear                           0x08003b77   Data          14  shell.o(.constdata)
    shellCmdSIGNAL_TICK                      0x08003b85   Data          12  signal_led.o(.constdata)
    shellDescSIGNAL_TICK                     0x08003b91   Data           5  signal_led.o(.constdata)
    shellCmdymodem_ota                       0x08003b96   Data          11  commond.o(.constdata)
    shellDescymodem_ota                      0x08003ba1   Data          11  commond.o(.constdata)
    shellCmdreboot                           0x08003bac   Data           7  commond.o(.constdata)
    shellDescreboot                          0x08003bb3   Data           7  commond.o(.constdata)
    Region$$Table$$Base                      0x08003e60   Number         0  anon$$obj.o(Region$$Table)
    Region$$Table$$Limit                     0x08003e80   Number         0  anon$$obj.o(Region$$Table)
    shellCommand$$Base                       0x08003e80   Number         0  shell.o(shellCommand)
    shellUserDefault                         0x08003e80   Data          16  shell.o(shellCommand)
    shellCommandsetVar                       0x08003e90   Data          16  shell.o(shellCommand)
    shellKey0x1B5B4100                       0x08003ea0   Data          16  shell.o(shellCommand)
    shellKey0x1B5B4200                       0x08003eb0   Data          16  shell.o(shellCommand)
    shellKey0x1B5B4300                       0x08003ec0   Data          16  shell.o(shellCommand)
    shellKey0x1B5B4400                       0x08003ed0   Data          16  shell.o(shellCommand)
    shellKey0x09000000                       0x08003ee0   Data          16  shell.o(shellCommand)
    shellKey0x08000000                       0x08003ef0   Data          16  shell.o(shellCommand)
    shellKey0x7F000000                       0x08003f00   Data          16  shell.o(shellCommand)
    shellKey0x1B5B337E                       0x08003f10   Data          16  shell.o(shellCommand)
    shellKey0x0A000000                       0x08003f20   Data          16  shell.o(shellCommand)
    shellKey0x0D000000                       0x08003f30   Data          16  shell.o(shellCommand)
    shellCommandhelp                         0x08003f40   Data          16  shell.o(shellCommand)
    shellCommandusers                        0x08003f50   Data          16  shell.o(shellCommand)
    shellCommandcmds                         0x08003f60   Data          16  shell.o(shellCommand)
    shellCommandvars                         0x08003f70   Data          16  shell.o(shellCommand)
    shellCommandkeys                         0x08003f80   Data          16  shell.o(shellCommand)
    shellCommandclear                        0x08003f90   Data          16  shell.o(shellCommand)
    shellVarSIGNAL_TICK                      0x08003fa0   Data          16  signal_led.o(shellCommand)
    shellCommandymodem_ota                   0x08003fb0   Data          16  commond.o(shellCommand)
    shellCommandreboot                       0x08003fc0   Data          16  commond.o(shellCommand)
    shellCommand$$Limit                      0x08003fd0   Number         0  commond.o(shellCommand)
    __stdout                                 0x20000068   Data           4  bsp_uart.o(.data)
    timer3_config                            0x2000006c   Data          12  timer.o(.data)
    timer5_config                            0x20000078   Data          12  timer.o(.data)
    systime_ms                               0x20000084   Data           4  timer.o(.data)
    red_signal_led_config                    0x20000088   Data           8  signal_led.o(.data)
    SIGNAL_TICK                              0x20000090   Data           4  signal_led.o(.data)
    uart1_config                             0x20000098   Data          24  serial.o(.data)
    uart1_gpio_config                        0x200000b0   Data           8  serial.o(.data)
    key_config                               0x200000b8   Data           8  key.o(.data)
    jump2app                                 0x200000c0   Data           4  iap.o(.data)
    ymodem                                   0x200000c4   Data          48  ymodem.o(.data)
    process                                  0x200000f4   Data           1  ymodem.o(.data)
    check_flag                               0x20000108   Data           4  schedule.o(.data)
    slgnal_led                               0x2000010c   Data           4  schedule.o(.data)
    boot_param                               0x20000138   Data           1  commond.o(.data)
    __microlib_freelist                      0x2000013c   Data           4  mvars.o(.data)
    __microlib_freelist_initialised          0x20000140   Data           4  mvars.o(.data)
    shell                                    0x20000164   Data         108  shell_port.o(.bss)
    shell_buffer                             0x200001d0   Data         512  shell_port.o(.bss)
    recvBuf                                  0x200003d0   Data        1202  bsp_timer.o(.bss)
    __heap_base                              0x20000888   Data           0  startup_stm32f40_41xxx.o(HEAP)
    __heap_limit                             0x20000a88   Data           0  startup_stm32f40_41xxx.o(HEAP)
    __initial_sp                             0x20000e88   Data           0  startup_stm32f40_41xxx.o(STACK)
    USART_RX_BUF                             0x20001000   Data       122880  bsp_uart.o(.ARM.__AT_0x20001000)
    iapbuf                                   0x2001f000   Data        2048  iap.o(.bss)



==============================================================================

Memory Map of the image

  Image Entry point : 0x08000189

  Load Region LR_IROM1 (Base: 0x08000000, Size: 0x00004114, Max: 0x00010000, ABSOLUTE, COMPRESSED[0x0000406c])

    Execution Region ER_IROM1 (Exec base: 0x08000000, Load base: 0x08000000, Size: 0x00003fd0, Max: 0x00010000, ABSOLUTE)

    Exec Addr    Load Addr    Size         Type   Attr      Idx    E Section Name        Object

    0x08000000   0x08000000   0x00000188   Data   RO          805    RESET               startup_stm32f40_41xxx.o
    0x08000188   0x08000188   0x00000000   Code   RO         2870  * .ARM.Collect$$$$00000000  mc_w.l(entry.o)
    0x08000188   0x08000188   0x00000004   Code   RO         3173    .ARM.Collect$$$$00000001  mc_w.l(entry2.o)
    0x0800018c   0x0800018c   0x00000004   Code   RO         3176    .ARM.Collect$$$$00000004  mc_w.l(entry5.o)
    0x08000190   0x08000190   0x00000000   Code   RO         3178    .ARM.Collect$$$$00000008  mc_w.l(entry7b.o)
    0x08000190   0x08000190   0x00000000   Code   RO         3180    .ARM.Collect$$$$0000000A  mc_w.l(entry8b.o)
    0x08000190   0x08000190   0x00000008   Code   RO         3181    .ARM.Collect$$$$0000000B  mc_w.l(entry9a.o)
    0x08000198   0x08000198   0x00000000   Code   RO         3183    .ARM.Collect$$$$0000000D  mc_w.l(entry10a.o)
    0x08000198   0x08000198   0x00000000   Code   RO         3185    .ARM.Collect$$$$0000000F  mc_w.l(entry11a.o)
    0x08000198   0x08000198   0x00000004   Code   RO         3174    .ARM.Collect$$$$00002712  mc_w.l(entry2.o)
    0x0800019c   0x0800019c   0x00000010   Code   RO          322    .emb_text           sys.o
    0x080001ac   0x080001ac   0x00000024   Code   RO          806    .text               startup_stm32f40_41xxx.o
    0x080001d0   0x080001d0   0x00000024   Code   RO         2873    .text               mc_w.l(memcpya.o)
    0x080001f4   0x080001f4   0x00000024   Code   RO         2875    .text               mc_w.l(memseta.o)
    0x08000218   0x08000218   0x0000000e   Code   RO         2877    .text               mc_w.l(strlen.o)
    0x08000226   0x08000226   0x0000001c   Code   RO         2879    .text               mc_w.l(strcmp.o)
    0x08000242   0x08000242   0x0000001e   Code   RO         2881    .text               mc_w.l(strncmp.o)
    0x08000260   0x08000260   0x0000002c   Code   RO         3187    .text               mc_w.l(uidiv.o)
    0x0800028c   0x0800028c   0x00000062   Code   RO         3189    .text               mc_w.l(uldiv.o)
    0x080002ee   0x080002ee   0x00000000   Code   RO         3193    .text               mc_w.l(iusefp.o)
    0x080002ee   0x080002ee   0x0000014e   Code   RO         3194    .text               mf_w.l(dadd.o)
    0x0800043c   0x0800043c   0x000000e4   Code   RO         3196    .text               mf_w.l(dmul.o)
    0x08000520   0x08000520   0x000000de   Code   RO         3198    .text               mf_w.l(ddiv.o)
    0x080005fe   0x080005fe   0x00000030   Code   RO         3200    .text               mf_w.l(dfixul.o)
    0x0800062e   0x0800062e   0x00000002   PAD
    0x08000630   0x08000630   0x00000030   Code   RO         3202    .text               mf_w.l(cdrcmple.o)
    0x08000660   0x08000660   0x00000024   Code   RO         3204    .text               mc_w.l(init.o)
    0x08000684   0x08000684   0x0000001e   Code   RO         3206    .text               mc_w.l(llshl.o)
    0x080006a2   0x080006a2   0x00000020   Code   RO         3208    .text               mc_w.l(llushr.o)
    0x080006c2   0x080006c2   0x00000024   Code   RO         3210    .text               mc_w.l(llsshr.o)
    0x080006e6   0x080006e6   0x000000ba   Code   RO         3212    .text               mf_w.l(depilogue.o)
    0x080007a0   0x080007a0   0x00000056   Code   RO         3222    .text               mc_w.l(__dczerorl2.o)
    0x080007f6   0x080007f6   0x00000004   Code   RO          148    i.BusFault_Handler  stm32f4xx_it.o
    0x080007fa   0x080007fa   0x00000002   Code   RO          149    i.DebugMon_Handler  stm32f4xx_it.o
    0x080007fc   0x080007fc   0x00000024   Code   RO         1533    i.FLASH_DataCacheCmd  stm32f4xx_flash.o
    0x08000820   0x08000820   0x00000088   Code   RO         1538    i.FLASH_EraseSector  stm32f4xx_flash.o
    0x080008a8   0x080008a8   0x00000054   Code   RO         1540    i.FLASH_GetStatus   stm32f4xx_flash.o
    0x080008fc   0x080008fc   0x00000014   Code   RO         1544    i.FLASH_Lock        stm32f4xx_flash.o
    0x08000910   0x08000910   0x00000050   Code   RO         1568    i.FLASH_ProgramWord  stm32f4xx_flash.o
    0x08000960   0x08000960   0x00000024   Code   RO         1570    i.FLASH_Unlock      stm32f4xx_flash.o
    0x08000984   0x08000984   0x00000022   Code   RO         1571    i.FLASH_WaitForLastOperation  stm32f4xx_flash.o
    0x080009a6   0x080009a6   0x00000090   Code   RO          857    i.GPIO_Init         stm32f4xx_gpio.o
    0x08000a36   0x08000a36   0x00000046   Code   RO          858    i.GPIO_PinAFConfig  stm32f4xx_gpio.o
    0x08000a7c   0x08000a7c   0x0000000a   Code   RO          869    i.GPIO_WriteBit     stm32f4xx_gpio.o
    0x08000a86   0x08000a86   0x00000004   Code   RO          150    i.HardFault_Handler  stm32f4xx_it.o
    0x08000a8a   0x08000a8a   0x00000004   Code   RO          151    i.MemManage_Handler  stm32f4xx_it.o
    0x08000a8e   0x08000a8e   0x00000002   Code   RO          152    i.NMI_Handler       stm32f4xx_it.o
    0x08000a90   0x08000a90   0x00000078   Code   RO          812    i.NVIC_Init         misc.o
    0x08000b08   0x08000b08   0x00000014   Code   RO          813    i.NVIC_PriorityGroupConfig  misc.o
    0x08000b1c   0x08000b1c   0x00000002   Code   RO          153    i.PendSV_Handler    stm32f4xx_it.o
    0x08000b1e   0x08000b1e   0x00000002   PAD
    0x08000b20   0x08000b20   0x00000020   Code   RO          954    i.RCC_AHB1PeriphClockCmd  stm32f4xx_rcc.o
    0x08000b40   0x08000b40   0x00000020   Code   RO          963    i.RCC_APB1PeriphClockCmd  stm32f4xx_rcc.o
    0x08000b60   0x08000b60   0x00000020   Code   RO          966    i.RCC_APB2PeriphClockCmd  stm32f4xx_rcc.o
    0x08000b80   0x08000b80   0x000000e8   Code   RO          975    i.RCC_GetClocksFreq  stm32f4xx_rcc.o
    0x08000c68   0x08000c68   0x000000a0   Code   RO         2480    i.STMFLASH_GetFlashSector  stmflash.o
    0x08000d08   0x08000d08   0x00000006   Code   RO         2482    i.STMFLASH_ReadWord  stmflash.o
    0x08000d0e   0x08000d0e   0x00000002   PAD
    0x08000d10   0x08000d10   0x00000098   Code   RO         2483    i.STMFLASH_Write    stmflash.o
    0x08000da8   0x08000da8   0x00000002   Code   RO          154    i.SVC_Handler       stm32f4xx_it.o
    0x08000daa   0x08000daa   0x00000002   PAD
    0x08000dac   0x08000dac   0x000000ec   Code   RO          245    i.SetSysClock       system_stm32f4xx.o
    0x08000e98   0x08000e98   0x00000028   Code   RO          816    i.SysTick_CLKSourceConfig  misc.o
    0x08000ec0   0x08000ec0   0x00000002   Code   RO          155    i.SysTick_Handler   stm32f4xx_it.o
    0x08000ec2   0x08000ec2   0x00000002   PAD
    0x08000ec4   0x08000ec4   0x00000068   Code   RO          247    i.SystemInit        system_stm32f4xx.o
    0x08000f2c   0x08000f2c   0x00000020   Code   RO         2368    i.TIM3_IRQHandler   bsp_timer.o
    0x08000f4c   0x08000f4c   0x00000030   Code   RO         2369    i.TIM5_IRQHandler   bsp_timer.o
    0x08000f7c   0x08000f7c   0x00000006   Code   RO         1797    i.TIM_ClearITPendingBit  stm32f4xx_tim.o
    0x08000f82   0x08000f82   0x00000018   Code   RO         1802    i.TIM_Cmd           stm32f4xx_tim.o
    0x08000f9a   0x08000f9a   0x00000022   Code   RO         1823    i.TIM_GetITStatus   stm32f4xx_tim.o
    0x08000fbc   0x08000fbc   0x00000012   Code   RO         1827    i.TIM_ITConfig      stm32f4xx_tim.o
    0x08000fce   0x08000fce   0x00000002   PAD
    0x08000fd0   0x08000fd0   0x00000084   Code   RO         1874    i.TIM_TimeBaseInit  stm32f4xx_tim.o
    0x08001054   0x08001054   0x00000078   Code   RO         2416    i.USART1_IRQHandler  bsp_uart.o
    0x080010cc   0x080010cc   0x0000001e   Code   RO         1345    i.USART_ClearITPendingBit  stm32f4xx_usart.o
    0x080010ea   0x080010ea   0x00000018   Code   RO         1348    i.USART_Cmd         stm32f4xx_usart.o
    0x08001102   0x08001102   0x0000001a   Code   RO         1351    i.USART_GetFlagStatus  stm32f4xx_usart.o
    0x0800111c   0x0800111c   0x00000054   Code   RO         1352    i.USART_GetITStatus  stm32f4xx_usart.o
    0x08001170   0x08001170   0x0000004a   Code   RO         1354    i.USART_ITConfig    stm32f4xx_usart.o
    0x080011ba   0x080011ba   0x00000002   PAD
    0x080011bc   0x080011bc   0x000000d4   Code   RO         1355    i.USART_Init        stm32f4xx_usart.o
    0x08001290   0x08001290   0x0000000a   Code   RO         1362    i.USART_ReceiveData  stm32f4xx_usart.o
    0x0800129a   0x0800129a   0x00000008   Code   RO         1365    i.USART_SendData    stm32f4xx_usart.o
    0x080012a2   0x080012a2   0x00000004   Code   RO          156    i.UsageFault_Handler  stm32f4xx_it.o
    0x080012a6   0x080012a6   0x00000002   PAD
    0x080012a8   0x080012a8   0x00000020   Code   RO         3118    i.__0printf         mc_w.l(printfa.o)
    0x080012c8   0x080012c8   0x0000000e   Code   RO         3216    i.__scatterload_copy  mc_w.l(handlers.o)
    0x080012d6   0x080012d6   0x00000002   Code   RO         3217    i.__scatterload_null  mc_w.l(handlers.o)
    0x080012d8   0x080012d8   0x0000000e   Code   RO         3218    i.__scatterload_zeroinit  mc_w.l(handlers.o)
    0x080012e6   0x080012e6   0x00000002   PAD
    0x080012e8   0x080012e8   0x00000184   Code   RO         3125    i._fp_digits        mc_w.l(printfa.o)
    0x0800146c   0x0800146c   0x000006dc   Code   RO         3126    i._printf_core      mc_w.l(printfa.o)
    0x08001b48   0x08001b48   0x00000024   Code   RO         3127    i._printf_post_padding  mc_w.l(printfa.o)
    0x08001b6c   0x08001b6c   0x0000002e   Code   RO         3128    i._printf_pre_padding  mc_w.l(printfa.o)
    0x08001b9a   0x08001b9a   0x00000002   PAD
    0x08001b9c   0x08001b9c   0x000000d8   Code   RO         2788    i.boot_board_init   schedule.o
    0x08001c74   0x08001c74   0x0000003c   Code   RO          282    i.delay_init        delay.o
    0x08001cb0   0x08001cb0   0x0000004c   Code   RO          284    i.delay_us          delay.o
    0x08001cfc   0x08001cfc   0x0000005c   Code   RO         2789    i.duty_loop         schedule.o
    0x08001d58   0x08001d58   0x0000001c   Code   RO         2418    i.fputc             bsp_uart.o
    0x08001d74   0x08001d74   0x0000000c   Code   RO         2522    i.get_sys_time_ms   timer.o
    0x08001d80   0x08001d80   0x0000000c   Code   RO         2729    i.get_ymodem_status  ymodem.o
    0x08001d8c   0x08001d8c   0x0000005c   Code   RO         2348    i.gpio_out_in_init  bsp_gpio.o
    0x08001de8   0x08001de8   0x0000003c   Code   RO         2696    i.iap_load_app      iap.o
    0x08001e24   0x08001e24   0x00000068   Code   RO         2697    i.iap_write_appbin  iap.o
    0x08001e8c   0x08001e8c   0x00000018   Code   RO         2664    i.key_init          key.o
    0x08001ea4   0x08001ea4   0x00000010   Code   RO         2790    i.loop_1000hz       schedule.o
    0x08001eb4   0x08001eb4   0x0000006c   Code   RO         2791    i.loop_100hz        schedule.o
    0x08001f20   0x08001f20   0x00000002   Code   RO         2792    i.loop_500hz        schedule.o
    0x08001f22   0x08001f22   0x00000002   PAD
    0x08001f24   0x08001f24   0x0000005c   Code   RO         2793    i.loop_check        schedule.o
    0x08001f80   0x08001f80   0x00000010   Code   RO            3    i.main              main.o
    0x08001f90   0x08001f90   0x0000006c   Code   RO         3146    i.malloc            mc_w.l(malloc.o)
    0x08001ffc   0x08001ffc   0x00000010   Code   RO         2838    i.reboot            commond.o
    0x0800200c   0x0800200c   0x00000038   Code   RO         2638    i.serial_init       serial.o
    0x08002044   0x08002044   0x0000000c   Code   RO         2730    i.set_ymodem_status  ymodem.o
    0x08002050   0x08002050   0x00000028   Code   RO          340    i.shellAdd          shell.o
    0x08002078   0x08002078   0x0000000e   Code   RO          341    i.shellBackspace    shell.o
    0x08002086   0x08002086   0x00000002   PAD
    0x08002088   0x08002088   0x00000044   Code   RO          342    i.shellCheckPassword  shell.o
    0x080020cc   0x080020cc   0x00000036   Code   RO          343    i.shellCheckPermission  shell.o
    0x08002102   0x08002102   0x00000002   PAD
    0x08002104   0x08002104   0x0000001c   Code   RO          344    i.shellClear        shell.o
    0x08002120   0x08002120   0x00000028   Code   RO          345    i.shellClearCommandLine  shell.o
    0x08002148   0x08002148   0x00000012   Code   RO          346    i.shellCmds         shell.o
    0x0800215a   0x0800215a   0x00000010   Code   RO          347    i.shellDelete       shell.o
    0x0800216a   0x0800216a   0x000000da   Code   RO          348    i.shellDeleteByte   shell.o
    0x08002244   0x08002244   0x00000020   Code   RO          349    i.shellDeleteCommandLine  shell.o
    0x08002264   0x08002264   0x00000010   Code   RO          350    i.shellDown         shell.o
    0x08002274   0x08002274   0x00000014   Code   RO          351    i.shellEnter        shell.o
    0x08002288   0x08002288   0x00000074   Code   RO          352    i.shellExec         shell.o
    0x080022fc   0x080022fc   0x00000058   Code   RO          715    i.shellExtNumType   shell_ext.o
    0x08002354   0x08002354   0x00000046   Code   RO          716    i.shellExtParseChar  shell_ext.o
    0x0800239a   0x0800239a   0x00000002   PAD
    0x0800239c   0x0800239c   0x000000ec   Code   RO          717    i.shellExtParseNumber  shell_ext.o
    0x08002488   0x08002488   0x00000056   Code   RO          718    i.shellExtParsePara  shell_ext.o
    0x080024de   0x080024de   0x0000004a   Code   RO          719    i.shellExtParseString  shell_ext.o
    0x08002528   0x08002528   0x00000024   Code   RO          720    i.shellExtParseVar  shell_ext.o
    0x0800254c   0x0800254c   0x000000ca   Code   RO          721    i.shellExtRun       shell_ext.o
    0x08002616   0x08002616   0x00000036   Code   RO          722    i.shellExtToNum     shell_ext.o
    0x0800264c   0x0800264c   0x00000030   Code   RO          353    i.shellGetCommandDesc  shell.o
    0x0800267c   0x0800267c   0x00000050   Code   RO          354    i.shellGetCommandName  shell.o
    0x080026cc   0x080026cc   0x00000034   Code   RO          355    i.shellGetCurrent   shell.o
    0x08002700   0x08002700   0x00000054   Code   RO          356    i.shellGetVarValue  shell.o
    0x08002754   0x08002754   0x000000ec   Code   RO          357    i.shellHandler      shell.o
    0x08002840   0x08002840   0x00000088   Code   RO          358    i.shellHelp         shell.o
    0x080028c8   0x080028c8   0x000000c2   Code   RO          359    i.shellHistory      shell.o
    0x0800298a   0x0800298a   0x0000007a   Code   RO          360    i.shellHistoryAdd   shell.o
    0x08002a04   0x08002a04   0x000000a0   Code   RO          361    i.shellInit         shell.o
    0x08002aa4   0x08002aa4   0x000000d8   Code   RO          362    i.shellInsertByte   shell.o
    0x08002b7c   0x08002b7c   0x00000012   Code   RO          363    i.shellKeys         shell.o
    0x08002b8e   0x08002b8e   0x0000001a   Code   RO          364    i.shellLeft         shell.o
    0x08002ba8   0x08002ba8   0x00000012   Code   RO          365    i.shellListAll      shell.o
    0x08002bba   0x08002bba   0x00000002   PAD
    0x08002bbc   0x08002bbc   0x0000004c   Code   RO          366    i.shellListCommand  shell.o
    0x08002c08   0x08002c08   0x000000a8   Code   RO          367    i.shellListItem     shell.o
    0x08002cb0   0x08002cb0   0x00000058   Code   RO          368    i.shellListKey      shell.o
    0x08002d08   0x08002d08   0x00000058   Code   RO          369    i.shellListUser     shell.o
    0x08002d60   0x08002d60   0x00000058   Code   RO          370    i.shellListVar      shell.o
    0x08002db8   0x08002db8   0x0000001c   Code   RO          371    i.shellNormalInput  shell.o
    0x08002dd4   0x08002dd4   0x0000008e   Code   RO          372    i.shellParserParam  shell.o
    0x08002e62   0x08002e62   0x00000068   Code   RO          374    i.shellRemoveParamQuotes  shell.o
    0x08002eca   0x08002eca   0x0000001e   Code   RO          375    i.shellRight        shell.o
    0x08002ee8   0x08002ee8   0x000000ae   Code   RO          377    i.shellRunCommand   shell.o
    0x08002f96   0x08002f96   0x00000084   Code   RO          378    i.shellSeekCommand  shell.o
    0x0800301a   0x0800301a   0x00000002   PAD
    0x0800301c   0x0800301c   0x0000005c   Code   RO          379    i.shellSetUser      shell.o
    0x08003078   0x08003078   0x00000070   Code   RO          380    i.shellSetVar       shell.o
    0x080030e8   0x080030e8   0x00000090   Code   RO          381    i.shellSetVarValue  shell.o
    0x08003178   0x08003178   0x000000c0   Code   RO          382    i.shellShowVar      shell.o
    0x08003238   0x08003238   0x0000002c   Code   RO          383    i.shellStringCompare  shell.o
    0x08003264   0x08003264   0x00000018   Code   RO          384    i.shellStringCopy   shell.o
    0x0800327c   0x0800327c   0x00000110   Code   RO          385    i.shellTab          shell.o
    0x0800338c   0x0800338c   0x00000056   Code   RO          387    i.shellToDec        shell.o
    0x080033e2   0x080033e2   0x00000038   Code   RO          388    i.shellToHex        shell.o
    0x0800341a   0x0800341a   0x0000000e   Code   RO          389    i.shellUp           shell.o
    0x08003428   0x08003428   0x00000012   Code   RO          390    i.shellUsers        shell.o
    0x0800343a   0x0800343a   0x00000012   Code   RO          391    i.shellVars         shell.o
    0x0800344c   0x0800344c   0x00000014   Code   RO          392    i.shellWriteByte    shell.o
    0x08003460   0x08003460   0x00000054   Code   RO          394    i.shellWriteCommandLine  shell.o
    0x080034b4   0x080034b4   0x0000008c   Code   RO          395    i.shellWriteReturnValue  shell.o
    0x08003540   0x08003540   0x0000002e   Code   RO          396    i.shellWriteString  shell.o
    0x0800356e   0x0800356e   0x00000028   Code   RO         2566    i.signal_create     signal_led.o
    0x08003596   0x08003596   0x00000002   PAD
    0x08003598   0x08003598   0x0000003c   Code   RO         2567    i.signal_handle     signal_led.o
    0x080035d4   0x080035d4   0x00000018   Code   RO         2568    i.signal_led_init   signal_led.o
    0x080035ec   0x080035ec   0x00000018   Code   RO         2569    i.signal_led_off    signal_led.o
    0x08003604   0x08003604   0x00000018   Code   RO         2570    i.signal_led_on     signal_led.o
    0x0800361c   0x0800361c   0x00000028   Code   RO         2572    i.signal_led_toggle_state  signal_led.o
    0x08003644   0x08003644   0x00000010   Code   RO         2523    i.sys_time          timer.o
    0x08003654   0x08003654   0x0000007e   Code   RO         2370    i.timer_base_level_init  bsp_timer.o
    0x080036d2   0x080036d2   0x00000002   PAD
    0x080036d4   0x080036d4   0x00000040   Code   RO         2524    i.timer_init        timer.o
    0x08003714   0x08003714   0x000000be   Code   RO         2419    i.uart_init         bsp_uart.o
    0x080037d2   0x080037d2   0x0000001e   Code   RO         2420    i.usart_SendByte    bsp_uart.o
    0x080037f0   0x080037f0   0x00000024   Code   RO          765    i.user_shell_init   shell_port.o
    0x08003814   0x08003814   0x00000014   Code   RO          766    i.user_shell_write  shell_port.o
    0x08003828   0x08003828   0x00000010   Code   RO         2731    i.ymodem_ack        ymodem.o
    0x08003838   0x08003838   0x00000010   Code   RO         2732    i.ymodem_c          ymodem.o
    0x08003848   0x08003848   0x00000010   Code   RO         2733    i.ymodem_nack       ymodem.o
    0x08003858   0x08003858   0x00000014   Code   RO         2839    i.ymodem_ota        commond.o
    0x0800386c   0x0800386c   0x00000130   Code   RO         2734    i.ymodem_recv       ymodem.o
    0x0800399c   0x0800399c   0x00000108   Code   RO         2735    i.ymodem_task       ymodem.o
    0x08003aa4   0x08003aa4   0x000000e1   Data   RO          398    .constdata          shell.o
    0x08003b85   0x08003b85   0x00000011   Data   RO         2573    .constdata          signal_led.o
    0x08003b96   0x08003b96   0x00000024   Data   RO         2840    .constdata          commond.o
    0x08003bba   0x08003bba   0x00000002   PAD
    0x08003bbc   0x08003bbc   0x000002a4   Data   RO          399    .conststring        shell.o
    0x08003e60   0x08003e60   0x00000020   Data   RO         3214    Region$$Table       anon$$obj.o
    0x08003e80   0x08003e80   0x00000120   Data   RO          401    shellCommand        shell.o
    0x08003fa0   0x08003fa0   0x00000010   Data   RO         2575    shellCommand        signal_led.o
    0x08003fb0   0x08003fb0   0x00000020   Data   RO         2842    shellCommand        commond.o


    Execution Region RW_IRAM1 (Exec base: 0x20000000, Load base: 0x08003fd0, Size: 0x0001f800, Max: 0x00020000, ABSOLUTE, COMPRESSED[0x0000009c])

    Exec Addr    Load Addr    Size         Type   Attr      Idx    E Section Name        Object

    0x20000000   COMPRESSED   0x00000004   Data   RW          286    .data               delay.o
    0x20000004   COMPRESSED   0x00000054   Data   RW          400    .data               shell.o
    0x20000058   COMPRESSED   0x00000010   Data   RW         1007    .data               stm32f4xx_rcc.o
    0x20000068   COMPRESSED   0x00000004   Data   RW         2422    .data               bsp_uart.o
    0x2000006c   COMPRESSED   0x0000001c   Data   RW         2525    .data               timer.o
    0x20000088   COMPRESSED   0x00000010   Data   RW         2574    .data               signal_led.o
    0x20000098   COMPRESSED   0x00000020   Data   RW         2639    .data               serial.o
    0x200000b8   COMPRESSED   0x00000008   Data   RW         2666    .data               key.o
    0x200000c0   COMPRESSED   0x00000004   Data   RW         2699    .data               iap.o
    0x200000c4   COMPRESSED   0x00000044   Data   RW         2736    .data               ymodem.o
    0x20000108   COMPRESSED   0x00000030   Data   RW         2794    .data               schedule.o
    0x20000138   COMPRESSED   0x00000001   Data   RW         2841    .data               commond.o
    0x20000139   COMPRESSED   0x00000003   PAD
    0x2000013c   COMPRESSED   0x00000004   Data   RW         3191    .data               mc_w.l(mvars.o)
    0x20000140   COMPRESSED   0x00000004   Data   RW         3192    .data               mc_w.l(mvars.o)
    0x20000144        -       0x0000001d   Zero   RW          397    .bss                shell.o
    0x20000161   COMPRESSED   0x00000003   PAD
    0x20000164        -       0x0000026c   Zero   RW          767    .bss                shell_port.o
    0x200003d0        -       0x000004b2   Zero   RW         2371    .bss                bsp_timer.o
    0x20000882   COMPRESSED   0x00000006   PAD
    0x20000888        -       0x00000200   Zero   RW          804    HEAP                startup_stm32f40_41xxx.o
    0x20000a88        -       0x00000400   Zero   RW          803    STACK               startup_stm32f40_41xxx.o
    0x20000e88   COMPRESSED   0x00000178   PAD
    0x20001000        -       0x0001e000   Zero   RW         2421    .ARM.__AT_0x20001000  bsp_uart.o
    0x2001f000        -       0x00000800   Zero   RW         2698    .bss                iap.o


==============================================================================

Image component sizes


      Code (inc. data)   RO Data    RW Data    ZI Data      Debug   Object Name

        92          0          0          0          0        879   bsp_gpio.o
       206         14          0          0       1202       3598   bsp_timer.o
       368         26          0          4     122880       5202   bsp_uart.o
        36         12         68          1          0       2203   commond.o
       136         12          0          4          0       1264   delay.o
       164         14          0          4       2048       3472   iap.o
        24         10          0          8          0        640   key.o
        16          0          0          0          0     292479   main.o
       180         24          0          0          0       2001   misc.o
       526        194          0         48          0       3671   schedule.o
        56         18          0         32          0        743   serial.o
      4550        216       1189         84         29      44126   shell.o
       846         12          0          0          0       6298   shell_ext.o
        56         20          0          0        620       2597   shell_port.o
       212         36         33         16          0       4118   signal_led.o
        36          8        392          0       1536        820   startup_stm32f40_41xxx.o
       426         40          0          0          0       4352   stm32f4xx_flash.o
       224          0          0          0          0       2295   stm32f4xx_gpio.o
        26          0          0          0          0       3902   stm32f4xx_it.o
       328         36          0         16          0       4511   stm32f4xx_rcc.o
       214         28          0          0          0       3558   stm32f4xx_tim.o
       468          8          0          0          0       5955   stm32f4xx_usart.o
       318         50          0          0          0       2367   stmflash.o
        16          0          0          0          0        480   sys.o
       340         32          0          0          0       1417   system_stm32f4xx.o
        92         26          0         28          0       1627   timer.o
       640        120          0         68          0       4359   ymodem.o

    ----------------------------------------------------------------------
     10626        956       1716        316     128700     408934   Object Totals
         0          0         32          0          0          0   (incl. Generated)
        30          0          2          3        385          0   (incl. Padding)

    ----------------------------------------------------------------------

      Code (inc. data)   RO Data    RW Data    ZI Data      Debug   Library Member Name

        86          0          0          0          0          0   __dczerorl2.o
         0          0          0          0          0          0   entry.o
         0          0          0          0          0          0   entry10a.o
         0          0          0          0          0          0   entry11a.o
         8          4          0          0          0          0   entry2.o
         4          0          0          0          0          0   entry5.o
         0          0          0          0          0          0   entry7b.o
         0          0          0          0          0          0   entry8b.o
         8          4          0          0          0          0   entry9a.o
        30          0          0          0          0          0   handlers.o
        36          8          0          0          0         68   init.o
         0          0          0          0          0          0   iusefp.o
        30          0          0          0          0         68   llshl.o
        36          0          0          0          0         68   llsshr.o
        32          0          0          0          0         68   llushr.o
       108         16          0          0          0         84   malloc.o
        36          0          0          0          0         68   memcpya.o
        36          0          0          0          0        108   memseta.o
         0          0          0          8          0          0   mvars.o
      2258         90          0          0          0        452   printfa.o
        28          0          0          0          0         76   strcmp.o
        14          0          0          0          0         68   strlen.o
        30          0          0          0          0         80   strncmp.o
        44          0          0          0          0         80   uidiv.o
        98          0          0          0          0         92   uldiv.o
        48          0          0          0          0         68   cdrcmple.o
       334          0          0          0          0        148   dadd.o
       222          0          0          0          0        100   ddiv.o
       186          0          0          0          0        176   depilogue.o
        48          0          0          0          0         68   dfixul.o
       228          0          0          0          0         96   dmul.o

    ----------------------------------------------------------------------
      3994        122          0          8          0       2036   Library Totals
         6          0          0          0          0          0   (incl. Padding)

    ----------------------------------------------------------------------

      Code (inc. data)   RO Data    RW Data    ZI Data      Debug   Library Name

      2922        122          0          8          0       1380   mc_w.l
      1066          0          0          0          0        656   mf_w.l

    ----------------------------------------------------------------------
      3994        122          0          8          0       2036   Library Totals

    ----------------------------------------------------------------------

==============================================================================


      Code (inc. data)   RO Data    RW Data    ZI Data      Debug   

     14620       1078       1716        324     128700     396214   Grand Totals
     14620       1078       1716        156     128700     396214   ELF Image Totals (compressed)
     14620       1078       1716        156          0          0   ROM Totals

==============================================================================

    Total RO  Size (Code + RO Data)                16336 (  15.95kB)
    Total RW  Size (RW Data + ZI Data)            129024 ( 126.00kB)
    Total ROM Size (Code + RO Data + RW Data)      16492 (  16.11kB)

==============================================================================

