Component: ARM Compiler 5.06 update 6 (build 750) Tool: armlink [4d35ed]

==============================================================================

Section Cross References

    main.o(i.main) refers to schedule.o(i.boot_board_init) for boot_board_init
    main.o(i.main) refers to schedule.o(i.loop_check) for loop_check
    main.o(i.main) refers to schedule.o(i.duty_loop) for duty_loop
    system_stm32f4xx.o(i.SystemCoreClockUpdate) refers to system_stm32f4xx.o(.data) for SystemCoreClock
    system_stm32f4xx.o(i.SystemInit) refers to system_stm32f4xx.o(i.SetSysClock) for SetSysClock
    delay.o(i.delay_init) refers to misc.o(i.SysTick_CLKSourceConfig) for SysTick_CLKSourceConfig
    delay.o(i.delay_init) refers to delay.o(.data) for fac_us
    delay.o(i.delay_ms) refers to delay.o(i.delay_xms) for delay_xms
    delay.o(i.delay_us) refers to delay.o(.data) for fac_us
    delay.o(i.delay_xms) refers to delay.o(.data) for fac_ms
    shell.o(i.shellAdd) refers to shell.o(.bss) for shellList
    shell.o(i.shellBackspace) refers to shell.o(i.shellDeleteByte) for shellDeleteByte
    shell.o(i.shellCheckPassword) refers to strcmp.o(.text) for strcmp
    shell.o(i.shellCheckPassword) refers to shell.o(i.shellWriteString) for shellWriteString
    shell.o(i.shellCheckPassword) refers to shell.o(.data) for shellText
    shell.o(i.shellClear) refers to shell.o(i.shellGetCurrent) for shellGetCurrent
    shell.o(i.shellClear) refers to shell.o(i.shellWriteString) for shellWriteString
    shell.o(i.shellClear) refers to shell.o(.data) for shellText
    shell.o(i.shellClearCommandLine) refers to shell.o(i.shellWriteByte) for shellWriteByte
    shell.o(i.shellClearCommandLine) refers to shell.o(i.shellDeleteCommandLine) for shellDeleteCommandLine
    shell.o(i.shellCmds) refers to shell.o(i.shellGetCurrent) for shellGetCurrent
    shell.o(i.shellCmds) refers to shell.o(i.shellListCommand) for shellListCommand
    shell.o(i.shellDelete) refers to shell.o(i.shellDeleteByte) for shellDeleteByte
    shell.o(i.shellDeleteByte) refers to shell.o(i.shellDeleteCommandLine) for shellDeleteCommandLine
    shell.o(i.shellDeleteByte) refers to shell.o(i.shellWriteByte) for shellWriteByte
    shell.o(i.shellDeleteCommandLine) refers to shell.o(i.shellWriteString) for shellWriteString
    shell.o(i.shellDown) refers to shell.o(i.shellHistory) for shellHistory
    shell.o(i.shellEnter) refers to shell.o(i.shellExec) for shellExec
    shell.o(i.shellEnter) refers to shell.o(i.shellWriteCommandLine) for shellWriteCommandLine
    shell.o(i.shellExec) refers to shell.o(i.shellHistoryAdd) for shellHistoryAdd
    shell.o(i.shellExec) refers to shell.o(i.shellParserParam) for shellParserParam
    shell.o(i.shellExec) refers to shell.o(i.shellWriteString) for shellWriteString
    shell.o(i.shellExec) refers to shell.o(i.shellSeekCommand) for shellSeekCommand
    shell.o(i.shellExec) refers to shell.o(i.shellRunCommand) for shellRunCommand
    shell.o(i.shellExec) refers to shell.o(i.shellCheckPassword) for shellCheckPassword
    shell.o(i.shellExec) refers to shell.o(.data) for shellText
    shell.o(i.shellGetCommandName) refers to shell.o(i.shellToHex) for shellToHex
    shell.o(i.shellGetCommandName) refers to shell.o(.bss) for buffer
    shell.o(i.shellGetCurrent) refers to shell.o(.bss) for shellList
    shell.o(i.shellHandler) refers to shell.o(i.shellCheckPermission) for shellCheckPermission
    shell.o(i.shellHandler) refers to shell.o(i.shellNormalInput) for shellNormalInput
    shell.o(i.shellHelp) refers to shell.o(i.shellGetCurrent) for shellGetCurrent
    shell.o(i.shellHelp) refers to shell.o(i.shellListAll) for shellListAll
    shell.o(i.shellHelp) refers to shell.o(i.shellSeekCommand) for shellSeekCommand
    shell.o(i.shellHelp) refers to shell.o(i.shellWriteString) for shellWriteString
    shell.o(i.shellHelp) refers to shell.o(i.shellGetCommandName) for shellGetCommandName
    shell.o(i.shellHelp) refers to shell.o(i.shellGetCommandDesc) for shellGetCommandDesc
    shell.o(i.shellHelp) refers to shell.o(.data) for shellText
    shell.o(i.shellHistory) refers to shell.o(i.shellClearCommandLine) for shellClearCommandLine
    shell.o(i.shellHistory) refers to shell.o(i.shellStringCopy) for shellStringCopy
    shell.o(i.shellHistory) refers to shell.o(i.shellWriteString) for shellWriteString
    shell.o(i.shellHistoryAdd) refers to strcmp.o(.text) for strcmp
    shell.o(i.shellHistoryAdd) refers to shell.o(i.shellStringCopy) for shellStringCopy
    shell.o(i.shellInit) refers to shell.o(i.shellAdd) for shellAdd
    shell.o(i.shellInit) refers to shell.o(i.shellSeekCommand) for shellSeekCommand
    shell.o(i.shellInit) refers to shell.o(i.shellSetUser) for shellSetUser
    shell.o(i.shellInit) refers to shell.o(i.shellWriteCommandLine) for shellWriteCommandLine
    shell.o(i.shellInsertByte) refers to shell.o(i.shellWriteString) for shellWriteString
[...]
    i.FLASH_WaitForLastOperation             0x08000984   Section        0  stm32f4xx_flash.o(i.FLASH_WaitForLastOperation)
    i.GPIO_Init                              0x080009a6   Section        0  stm32f4xx_gpio.o(i.GPIO_Init)
    i.GPIO_PinAFConfig                       0x08000a36   Section        0  stm32f4xx_gpio.o(i.GPIO_PinAFConfig)
    i.GPIO_WriteBit                          0x08000a7c   Section        0  stm32f4xx_gpio.o(i.GPIO_WriteBit)
    i.HardFault_Handler                      0x08000a86   Section        0  stm32f4xx_it.o(i.HardFault_Handler)
    i.MemManage_Handler                      0x08000a8a   Section        0  stm32f4xx_it.o(i.MemManage_Handler)
    i.NMI_Handler                            0x08000a8e   Section        0  stm32f4xx_it.o(i.NMI_Handler)
    i.NVIC_Init                              0x08000a90   Section        0  misc.o(i.NVIC_Init)
    i.NVIC_PriorityGroupConfig               0x08000b08   Section        0  misc.o(i.NVIC_PriorityGroupConfig)
    i.PendSV_Handler                         0x08000b1c   Section        0  stm32f4xx_it.o(i.PendSV_Handler)
    i.RCC_AHB1PeriphClockCmd                 0x08000b20   Section        0  stm32f4xx_rcc.o(i.RCC_AHB1PeriphClockCmd)
    i.RCC_APB1PeriphClockCmd                 0x08000b40   Section        0  stm32f4xx_rcc.o(i.RCC_APB1PeriphClockCmd)
    i.RCC_APB2PeriphClockCmd                 0x08000b60   Section        0  stm32f4xx_rcc.o(i.RCC_APB2PeriphClockCmd)
    i.RCC_GetClocksFreq                      0x08000b80   Section        0  stm32f4xx_rcc.o(i.RCC_GetClocksFreq)
    i.STMFLASH_GetFlashSector                0x08000c68   Section        0  stmflash.o(i.STMFLASH_GetFlashSector)
    i.STMFLASH_ReadWord                      0x08000d08   Section        0  stmflash.o(i.STMFLASH_ReadWord)
    i.STMFLASH_Write                         0x08000d10   Section        0  stmflash.o(i.STMFLASH_Write)
    i.SVC_Handler                            0x08000db0   Section        0  stm32f4xx_it.o(i.SVC_Handler)
    i.SetSysClock                            0x08000db4   Section        0  system_stm32f4xx.o(i.SetSysClock)
    SetSysClock                              0x08000db5   Thumb Code   220  system_stm32f4xx.o(i.SetSysClock)
    i.SysTick_CLKSourceConfig                0x08000ea0   Section        0  misc.o(i.SysTick_CLKSourceConfig)
    i.SysTick_Handler                        0x08000ec8   Section        0  stm32f4xx_it.o(i.SysTick_Handler)
    i.SystemInit                             0x08000ecc   Section        0  system_stm32f4xx.o(i.SystemInit)
    i.TIM3_IRQHandler                        0x08000f34   Section        0  bsp_timer.o(i.TIM3_IRQHandler)
    i.TIM5_IRQHandler                        0x08000f54   Section        0  bsp_timer.o(i.TIM5_IRQHandler)
    i.TIM_ClearITPendingBit                  0x08000fb8   Section        0  stm32f4xx_tim.o(i.TIM_ClearITPendingBit)
    i.TIM_Cmd                                0x08000fbe   Section        0  stm32f4xx_tim.o(i.TIM_Cmd)
    i.TIM_GetITStatus                        0x08000fd6   Section        0  stm32f4xx_tim.o(i.TIM_GetITStatus)
    i.TIM_ITConfig                           0x08000ff8   Section        0  stm32f4xx_tim.o(i.TIM_ITConfig)
    i.TIM_TimeBaseInit                       0x0800100c   Section        0  stm32f4xx_tim.o(i.TIM_TimeBaseInit)
    i.USART1_IRQHandler                      0x08001090   Section        0  bsp_uart.o(i.USART1_IRQHandler)
    i.USART_ClearITPendingBit                0x08001108   Section        0  stm32f4xx_usart.o(i.USART_ClearITPendingBit)
    i.USART_Cmd                              0x08001126   Section        0  stm32f4xx_usart.o(i.USART_Cmd)
    i.USART_GetFlagStatus                    0x0800113e   Section        0  stm32f4xx_usart.o(i.USART_GetFlagStatus)
    i.USART_GetITStatus                      0x08001158   Section        0  stm32f4xx_usart.o(i.USART_GetITStatus)
    i.USART_ITConfig                         0x080011ac   Section        0  stm32f4xx_usart.o(i.USART_ITConfig)
    i.USART_Init                             0x080011f8   Section        0  stm32f4xx_usart.o(i.USART_Init)
    i.USART_ReceiveData                      0x080012cc   Section        0  stm32f4xx_usart.o(i.USART_ReceiveData)
    i.USART_SendData                         0x080012d6   Section        0  stm32f4xx_usart.o(i.USART_SendData)
    i.UsageFault_Handler                     0x080012de   Section        0  stm32f4xx_it.o(i.UsageFault_Handler)
    i.__0printf                              0x080012e4   Section        0  printfa.o(i.__0printf)
    i.__scatterload_copy                     0x08001304   Section       14  handlers.o(i.__scatterload_copy)
    i.__scatterload_null                     0x08001312   Section        2  handlers.o(i.__scatterload_null)
    i.__scatterload_zeroinit                 0x08001314   Section       14  handlers.o(i.__scatterload_zeroinit)
    i._fp_digits                             0x08001324   Section        0  printfa.o(i._fp_digits)
    _fp_digits                               0x08001325   Thumb Code   366  printfa.o(i._fp_digits)
    i._printf_core                           0x080014a8   Section        0  printfa.o(i._printf_core)
    _printf_core                             0x080014a9   Thumb Code  1744  printfa.o(i._printf_core)
    i._printf_post_padding                   0x08001b84   Section        0  printfa.o(i._printf_post_padding)
    _printf_post_padding                     0x08001b85   Thumb Code    36  printfa.o(i._printf_post_padding)
    i._printf_pre_padding                    0x08001ba8   Section        0  printfa.o(i._printf_pre_padding)
    _printf_pre_padding                      0x08001ba9   Thumb Code    46  printfa.o(i._printf_pre_padding)
    i.boot_board_init                        0x08001bd8   Section        0  schedule.o(i.boot_board_init)
    i.delay_init                             0x08001cb0   Section        0  delay.o(i.delay_init)
    i.delay_us                               0x08001cec   Section        0  delay.o(i.delay_us)
    i.duty_loop                              0x08001d38   Section        0  schedule.o(i.duty_loop)
    i.fputc                                  0x08001d94   Section        0  bsp_uart.o(i.fputc)
    i.get_sys_time_ms                        0x08001db0   Section        0  timer.o(i.get_sys_time_ms)
    i.get_ymodem_status                      0x08001dbc   Section        0  ymodem.o(i.get_ymodem_status)
    i.gpio_out_in_init                       0x08001dc8   Section        0  bsp_gpio.o(i.gpio_out_in_init)
    i.iap_load_app                           0x08001e24   Section        0  iap.o(i.iap_load_app)
    i.iap_write_appbin                       0x08001e60   Section        0  iap.o(i.iap_write_appbin)
    i.key_init                               0x08001ee8   Section        0  key.o(i.key_init)
    i.loop_1000hz                            0x08001f00   Section        0  schedule.o(i.loop_1000hz)
    loop_1000hz                              0x08001f01   Thumb Code    12  schedule.o(i.loop_1000hz)
    i.loop_100hz                             0x08001f10   Section        0  schedule.o(i.loop_100hz)
    loop_100hz                               0x08001f11   Thumb Code    72  schedule.o(i.loop_100hz)
    i.loop_500hz                             0x08001f7c   Section        0  schedule.o(i.loop_500hz)
    loop_500hz                               0x08001f7d   Thumb Code     2  schedule.o(i.loop_500hz)
    i.loop_check                             0x08001f80   Section        0  schedule.o(i.loop_check)
    i.main                                   0x08001fdc   Section        0  main.o(i.main)
    i.malloc                                 0x08001fec   Section        0  malloc.o(i.malloc)
    i.reboot                                 0x08002058   Section        0  commond.o(i.reboot)
    i.serial_init                            0x08002068   Section        0  serial.o(i.serial_init)
    i.set_ymodem_status                      0x080020a0   Section        0  ymodem.o(i.set_ymodem_status)
    i.shellAdd                               0x080020ac   Section        0  shell.o(i.shellAdd)
    shellAdd                                 0x080020ad   Thumb Code    34  shell.o(i.shellAdd)
    i.shellBackspace                         0x080020d4   Section        0  shell.o(i.shellBackspace)
    i.shellCheckPassword                     0x080020e4   Section        0  shell.o(i.shellCheckPassword)
    shellCheckPassword                       0x080020e5   Thumb Code    62  shell.o(i.shellCheckPassword)
    i.shellCheckPermission                   0x08002128   Section        0  shell.o(i.shellCheckPermission)
    i.shellClear                             0x08002160   Section        0  shell.o(i.shellClear)
    i.shellClearCommandLine                  0x0800217c   Section        0  shell.o(i.shellClearCommandLine)
    i.shellCmds                              0x080021a4   Section        0  shell.o(i.shellCmds)
    i.shellDelete                            0x080021b6   Section        0  shell.o(i.shellDelete)
    i.shellDeleteByte                        0x080021c6   Section        0  shell.o(i.shellDeleteByte)
    i.shellDeleteCommandLine                 0x080022a0   Section        0  shell.o(i.shellDeleteCommandLine)
    i.shellDown                              0x080022c0   Section        0  shell.o(i.shellDown)
    i.shellEnter                             0x080022d0   Section        0  shell.o(i.shellEnter)
    i.shellExec                              0x080022e4   Section        0  shell.o(i.shellExec)
    i.shellExtNumType                        0x08002358   Section        0  shell_ext.o(i.shellExtNumType)
    shellExtNumType                          0x08002359   Thumb Code    88  shell_ext.o(i.shellExtNumType)
    i.shellExtParseChar                      0x080023b0   Section        0  shell_ext.o(i.shellExtParseChar)
    shellExtParseChar                        0x080023b1   Thumb Code    70  shell_ext.o(i.shellExtParseChar)
    i.shellExtParseNumber                    0x080023f8   Section        0  shell_ext.o(i.shellExtParseNumber)
    shellExtParseNumber                      0x080023f9   Thumb Code   232  shell_ext.o(i.shellExtParseNumber)
    i.shellExtParsePara                      0x080024e4   Section        0  shell_ext.o(i.shellExtParsePara)
    i.shellExtParseString                    0x0800253a   Section        0  shell_ext.o(i.shellExtParseString)
    shellExtParseString                      0x0800253b   Thumb Code    74  shell_ext.o(i.shellExtParseString)
    i.shellExtParseVar                       0x08002584   Section        0  shell_ext.o(i.shellExtParseVar)
    shellExtParseVar                         0x08002585   Thumb Code    36  shell_ext.o(i.shellExtParseVar)
    i.shellExtRun                            0x080025a8   Section        0  shell_ext.o(i.shellExtRun)
    i.shellExtToNum                          0x08002672   Section        0  shell_ext.o(i.shellExtToNum)
    shellExtToNum                            0x08002673   Thumb Code    54  shell_ext.o(i.shellExtToNum)
    i.shellGetCommandDesc                    0x080026a8   Section        0  shell.o(i.shellGetCommandDesc)
    shellGetCommandDesc                      0x080026a9   Thumb Code    48  shell.o(i.shellGetCommandDesc)
    i.shellGetCommandName                    0x080026d8   Section        0  shell.o(i.shellGetCommandName)
    shellGetCommandName                      0x080026d9   Thumb Code    76  shell.o(i.shellGetCommandName)
    i.shellGetCurrent                        0x08002728   Section        0  shell.o(i.shellGetCurrent)
    i.shellGetVarValue                       0x0800275c   Section        0  shell.o(i.shellGetVarValue)
    i.shellHandler                           0x080027b0   Section        0  shell.o(i.shellHandler)
    i.shellHelp                              0x0800289c   Section        0  shell.o(i.shellHelp)
    i.shellHistory                           0x08002924   Section        0  shell.o(i.shellHistory)
    shellHistory                             0x08002925   Thumb Code   194  shell.o(i.shellHistory)
    i.shellHistoryAdd                        0x080029e6   Section        0  shell.o(i.shellHistoryAdd)
    shellHistoryAdd                          0x080029e7   Thumb Code   122  shell.o(i.shellHistoryAdd)
    i.shellInit                              0x08002a60   Section        0  shell.o(i.shellInit)
    i.shellInsertByte                        0x08002b00   Section        0  shell.o(i.shellInsertByte)
    i.shellKeys                              0x08002bd8   Section        0  shell.o(i.shellKeys)
    i.shellLeft                              0x08002bea   Section        0  shell.o(i.shellLeft)
    i.shellListAll                           0x08002c04   Section        0  shell.o(i.shellListAll)
    i.shellListCommand                       0x08002c18   Section        0  shell.o(i.shellListCommand)
    i.shellListItem                          0x08002c64   Section        0  shell.o(i.shellListItem)
    i.shellListKey                           0x08002d0c   Section        0  shell.o(i.shellListKey)
    i.shellListUser                          0x08002d64   Section        0  shell.o(i.shellListUser)
    i.shellListVar                           0x08002dbc   Section        0  shell.o(i.shellListVar)
    i.shellNormalInput                       0x08002e14   Section        0  shell.o(i.shellNormalInput)
    i.shellParserParam                       0x08002e30   Section        0  shell.o(i.shellParserParam)
    shellParserParam                         0x08002e31   Thumb Code   142  shell.o(i.shellParserParam)
    i.shellRemoveParamQuotes                 0x08002ebe   Section        0  shell.o(i.shellRemoveParamQuotes)
    shellRemoveParamQuotes                   0x08002ebf   Thumb Code   104  shell.o(i.shellRemoveParamQuotes)
    i.shellRight                             0x08002f26   Section        0  shell.o(i.shellRight)
    i.shellRunCommand                        0x08002f44   Section        0  shell.o(i.shellRunCommand)
    i.shellSeekCommand                       0x08002ff2   Section        0  shell.o(i.shellSeekCommand)
    i.shellSetUser                           0x08003078   Section        0  shell.o(i.shellSetUser)
    shellSetUser                             0x08003079   Thumb Code    86  shell.o(i.shellSetUser)
    i.shellSetVar                            0x080030d4   Section        0  shell.o(i.shellSetVar)
    i.shellSetVarValue                       0x08003144   Section        0  shell.o(i.shellSetVarValue)
    i.shellShowVar                           0x080031d4   Section        0  shell.o(i.shellShowVar)
    shellShowVar                             0x080031d5   Thumb Code   158  shell.o(i.shellShowVar)
    i.shellStringCompare                     0x08003294   Section        0  shell.o(i.shellStringCompare)
    shellStringCompare                       0x08003295   Thumb Code    44  shell.o(i.shellStringCompare)
    i.shellStringCopy                        0x080032c0   Section        0  shell.o(i.shellStringCopy)
    shellStringCopy                          0x080032c1   Thumb Code    24  shell.o(i.shellStringCopy)
    i.shellTab                               0x080032d8   Section        0  shell.o(i.shellTab)
    i.shellToDec                             0x080033e8   Section        0  shell.o(i.shellToDec)
    i.shellToHex                             0x0800343e   Section        0  shell.o(i.shellToHex)
    i.shellUp                                0x08003476   Section        0  shell.o(i.shellUp)
    i.shellUsers                             0x08003484   Section        0  shell.o(i.shellUsers)
    i.shellVars                              0x08003496   Section        0  shell.o(i.shellVars)
    i.shellWriteByte                         0x080034a8   Section        0  shell.o(i.shellWriteByte)
    i.shellWriteCommandLine                  0x080034bc   Section        0  shell.o(i.shellWriteCommandLine)
    shellWriteCommandLine                    0x080034bd   Thumb Code    66  shell.o(i.shellWriteCommandLine)
    i.shellWriteReturnValue                  0x08003510   Section        0  shell.o(i.shellWriteReturnValue)
    shellWriteReturnValue                    0x08003511   Thumb Code   104  shell.o(i.shellWriteReturnValue)
    i.shellWriteString                       0x0800359c   Section        0  shell.o(i.shellWriteString)
    i.signal_create                          0x080035ca   Section        0  signal_led.o(i.signal_create)
    i.signal_handle                          0x080035f4   Section        0  signal_led.o(i.signal_handle)
    i.signal_led_init                        0x08003630   Section        0  signal_led.o(i.signal_led_init)
    i.signal_led_off                         0x08003648   Section        0  signal_led.o(i.signal_led_off)
    i.signal_led_on                          0x08003660   Section        0  signal_led.o(i.signal_led_on)
    i.signal_led_toggle_state                0x08003678   Section        0  signal_led.o(i.signal_led_toggle_state)
    i.sys_time                               0x080036a0   Section        0  timer.o(i.sys_time)
    i.timer_base_level_init                  0x080036b0   Section        0  bsp_timer.o(i.timer_base_level_init)
    i.timer_init                             0x08003730   Section        0  timer.o(i.timer_init)
    i.uart_init                              0x08003770   Section        0  bsp_uart.o(i.uart_init)
    i.usart_SendByte                         0x08003830   Section        0  bsp_uart.o(i.usart_SendByte)
    i.user_shell_init                        0x08003850   Section        0  shell_port.o(i.user_shell_init)
    i.user_shell_write                       0x08003874   Section        0  shell_port.o(i.user_shell_write)
    i.ymodem_ota                             0x08003888   Section        0  commond.o(i.ymodem_ota)
    i.ymodem_recv                            0x0800389c   Section        0  ymodem.o(i.ymodem_recv)
    i.ymodem_task                            0x080039fc   Section        0  ymodem.o(i.ymodem_task)
    .constdata                               0x08003b0c   Section      225  shell.o(.constdata)
    .constdata                               0x08003bed   Section       17  signal_led.o(.constdata)
    .constdata                               0x08003bfe   Section       36  commond.o(.constdata)
    .conststring                             0x08003c24   Section      676  shell.o(.conststring)
    shellCommand                             0x08003ee8   Section      288  shell.o(shellCommand)
    __tagsym$$used                           0x08003ee8   Number         0  shell.o(shellCommand)
    __tagsym$$used                           0x08003ef8   Number         0  shell.o(shellCommand)
    __tagsym$$used                           0x08003f08   Number         0  shell.o(shellCommand)
    __tagsym$$used                           0x08003f18   Number         0  shell.o(shellCommand)
    __tagsym$$used                           0x08003f28   Number         0  shell.o(shellCommand)
    __tagsym$$used                           0x08003f38   Number         0  shell.o(shellCommand)
    __tagsym$$used                           0x08003f48   Number         0  shell.o(shellCommand)
    __tagsym$$used                           0x08003f58   Number         0  shell.o(shellCommand)
    __tagsym$$used                           0x08003f68   Number         0  shell.o(shellCommand)
    __tagsym$$used                           0x08003f78   Number         0  shell.o(shellCommand)
    __tagsym$$used                           0x08003f88   Number         0  shell.o(shellCommand)
    __tagsym$$used                           0x08003f98   Number         0  shell.o(shellCommand)
    __tagsym$$used                           0x08003fa8   Number         0  shell.o(shellCommand)
    __tagsym$$used                           0x08003fb8   Number         0  shell.o(shellCommand)
    __tagsym$$used                           0x08003fc8   Number         0  shell.o(shellCommand)
    __tagsym$$used                           0x08003fd8   Number         0  shell.o(shellCommand)
    __tagsym$$used                           0x08003fe8   Number         0  shell.o(shellCommand)
    __tagsym$$used                           0x08003ff8   Number         0  shell.o(shellCommand)
    shellCommand                             0x08004008   Section       16  signal_led.o(shellCommand)
    __tagsym$$used                           0x08004008   Number         0  signal_led.o(shellCommand)
    shellCommand                             0x08004018   Section       32  commond.o(shellCommand)
    __tagsym$$used                           0x08004018   Number         0  commond.o(shellCommand)
    __tagsym$$used                           0x08004028   Number         0  commond.o(shellCommand)
    .data                                    0x20000000   Section        4  delay.o(.data)
    fac_us                                   0x20000000   Data           1  delay.o(.data)
    fac_ms                                   0x20000002   Data           2  delay.o(.data)
    .data                                    0x20000004   Section       84  shell.o(.data)
    shellText                                0x20000004   Data          84  shell.o(.data)
    .data                                    0x20000058   Section       16  stm32f4xx_rcc.o(.data)
    APBAHBPrescTable                         0x20000058   Data          16  stm32f4xx_rcc.o(.data)
    .data                                    0x20000068   Section        4  bsp_uart.o(.data)
    .data                                    0x2000006c   Section       28  timer.o(.data)
    .data                                    0x20000088   Section       16  signal_led.o(.data)
    current_time                             0x20000094   Data           4  signal_led.o(.data)
    .data                                    0x20000098   Section       32  serial.o(.data)
    .data                                    0x200000b8   Section        8  key.o(.data)
    .data                                    0x200000c0   Section        4  iap.o(.data)
    .data                                    0x200000c4   Section       72  ymodem.o(.data)
    i                                        0x200000f8   Data           4  ymodem.o(.data)
    ret                                      0x200000fc   Data           4  ymodem.o(.data)
    USART_RX_CNT                             0x20000100   Data           4  ymodem.o(.data)
    cnt                                      0x20000104   Data           4  ymodem.o(.data)
    c_delay                                  0x20000108   Data           4  ymodem.o(.data)
    .data                                    0x2000010c   Section       48  schedule.o(.data)
    sched_task                               0x20000114   Data          36  schedule.o(.data)
    app_cnt                                  0x20000138   Data           4  schedule.o(.data)
    .data                                    0x2000013c   Section        8  commond.o(.data)
    .data                                    0x20000144   Section        4  mvars.o(.data)
    .data                                    0x20000148   Section        4  mvars.o(.data)
    .bss                                     0x2000014c   Section       29  shell.o(.bss)
    shellList                                0x2000014c   Data          20  shell.o(.bss)
    buffer                                   0x20000160   Data           9  shell.o(.bss)
    .bss                                     0x2000016c   Section      620  shell_port.o(.bss)
    .bss                                     0x200003d8   Section     1202  bsp_timer.o(.bss)
    HEAP                                     0x20000890   Section      512  startup_stm32f40_41xxx.o(HEAP)
    STACK                                    0x20000a90   Section     1024  startup_stm32f40_41xxx.o(STACK)
    .ARM.__AT_0x20001000                     0x20001000   Section    122880  bsp_uart.o(.ARM.__AT_0x20001000)
    .bss                                     0x2001f000   Section     2048  iap.o(.bss)

    Global Symbols

    Symbol Name                              Value     Ov Type        Size  Object(Section)

    BuildAttributes$$THM_ISAv4$E$P$D$K$B$S$7EM$VFPi3$EXTD16$VFPS$VFMA$PE$A:L22UL41UL21$X:L11$S22US41US21$IEEE1$IW$USESV6$~STKCKD$USESV7$~SHL$OSPACE$ROPI$EBA8$MICROLIB$REQ8$PRES8$EABIv2 0x00000000   Number         0  anon$$obj.o ABSOLUTE
    __ARM_use_no_argv                        0x00000000   Number         0  main.o ABSOLUTE
    __use_no_errno                           0x00000000   Number         0  useno.o ABSOLUTE
    __use_no_exception_handling              0x00000000   Number         0  useno.o ABSOLUTE
    __use_no_fp                              0x00000000   Number         0  useno.o ABSOLUTE
    __use_no_heap                            0x00000000   Number         0  useno.o ABSOLUTE
    __use_no_heap_region                     0x00000000   Number         0  useno.o ABSOLUTE
    __use_no_semihosting                     0x00000000   Number         0  useno.o ABSOLUTE
    __use_no_semihosting_swi                 0x00000000   Number         0  useno.o ABSOLUTE
    __use_no_signal_handling                 0x00000000   Number         0  useno.o ABSOLUTE
    _printf_a                                0x00000000   Number         0  stubs.o ABSOLUTE
    _printf_c                                0x00000000   Number         0  stubs.o ABSOLUTE
    _printf_charcount                        0x00000000   Number         0  stubs.o ABSOLUTE
    _printf_d                                0x00000000   Number         0  stubs.o ABSOLUTE
    _printf_e                                0x00000000   Number         0  stubs.o ABSOLUTE
    _printf_f                                0x00000000   Number         0  stubs.o ABSOLUTE
    _printf_flags                            0x00000000   Number         0  stubs.o ABSOLUTE
    _printf_fp_dec                           0x00000000   Number         0  stubs.o ABSOLUTE
    _printf_fp_hex                           0x00000000   Number         0  stubs.o ABSOLUTE
    _printf_g                                0x00000000   Number         0  stubs.o ABSOLUTE
    _printf_i                                0x00000000   Number         0  stubs.o ABSOLUTE
    _printf_int_dec                          0x00000000   Number         0  stubs.o ABSOLUTE
    _printf_l                                0x00000000   Number         0  stubs.o ABSOLUTE
    _printf_lc                               0x00000000   Number         0  stubs.o ABSOLUTE
    _printf_ll                               0x00000000   Number         0  stubs.o ABSOLUTE
    _printf_lld                              0x00000000   Number         0  stubs.o ABSOLUTE
    _printf_lli                              0x00000000   Number         0  stubs.o ABSOLUTE
    _printf_llo                              0x00000000   Number         0  stubs.o ABSOLUTE
    _printf_llu                              0x00000000   Number         0  stubs.o ABSOLUTE
    _printf_llx                              0x00000000   Number         0  stubs.o ABSOLUTE
    _printf_longlong_dec                     0x00000000   Number         0  stubs.o ABSOLUTE
    _printf_longlong_hex                     0x00000000   Number         0  stubs.o ABSOLUTE
    _printf_longlong_oct                     0x00000000   Number         0  stubs.o ABSOLUTE
    _printf_ls                               0x00000000   Number         0  stubs.o ABSOLUTE
    _printf_mbtowc                           0x00000000   Number         0  stubs.o ABSOLUTE
    _printf_n                                0x00000000   Number         0  stubs.o ABSOLUTE
    _printf_o                                0x00000000   Number         0  stubs.o ABSOLUTE
    _printf_p                                0x00000000   Number         0  stubs.o ABSOLUTE
    _printf_percent                          0x00000000   Number         0  stubs.o ABSOLUTE
    _printf_pre_padding                      0x00000000   Number         0  stubs.o ABSOLUTE
    _printf_return_value                     0x00000000   Number         0  stubs.o ABSOLUTE
    _printf_s                                0x00000000   Number         0  stubs.o ABSOLUTE
    _printf_sizespec                         0x00000000   Number         0  stubs.o ABSOLUTE
    _printf_str                              0x00000000   Number         0  stubs.o ABSOLUTE
    _printf_truncate_signed                  0x00000000   Number         0  stubs.o ABSOLUTE
    _printf_truncate_unsigned                0x00000000   Number         0  stubs.o ABSOLUTE
    _printf_u                                0x00000000   Number         0  stubs.o ABSOLUTE
    _printf_wc                               0x00000000   Number         0  stubs.o ABSOLUTE
    _printf_wctomb                           0x00000000   Number         0  stubs.o ABSOLUTE
    _printf_widthprec                        0x00000000   Number         0  stubs.o ABSOLUTE
    _printf_x                                0x00000000   Number         0  stubs.o ABSOLUTE
    __cpp_initialize__aeabi_                  - Undefined Weak Reference
    __cxa_finalize                            - Undefined Weak Reference
    _clock_init                               - Undefined Weak Reference
    _microlib_exit                            - Undefined Weak Reference
    __Vectors_Size                           0x00000188   Number         0  startup_stm32f40_41xxx.o ABSOLUTE
    __Vectors                                0x08000000   Data           4  startup_stm32f40_41xxx.o(RESET)
    __Vectors_End                            0x08000188   Data           0  startup_stm32f40_41xxx.o(RESET)
    __main                                   0x08000189   Thumb Code     0  entry.o(.ARM.Collect$$$$00000000)
    _main_stk                                0x08000189   Thumb Code     0  entry2.o(.ARM.Collect$$$$00000001)
    _main_scatterload                        0x0800018d   Thumb Code     0  entry5.o(.ARM.Collect$$$$00000004)
    __main_after_scatterload                 0x08000191   Thumb Code     0  entry5.o(.ARM.Collect$$$$00000004)
    _main_clock                              0x08000191   Thumb Code     0  entry7b.o(.ARM.Collect$$$$00000008)
    _main_cpp_init                           0x08000191   Thumb Code     0  entry8b.o(.ARM.Collect$$$$0000000A)
    _main_init                               0x08000191   Thumb Code     0  entry9a.o(.ARM.Collect$$$$0000000B)
    __rt_final_cpp                           0x08000199   Thumb Code     0  entry10a.o(.ARM.Collect$$$$0000000D)
    __rt_final_exit                          0x08000199   Thumb Code     0  entry11a.o(.ARM.Collect$$$$0000000F)
    WFI_SET                                  0x0800019d   Thumb Code     2  sys.o(.emb_text)
    INTX_DISABLE                             0x0800019f   Thumb Code     4  sys.o(.emb_text)
    INTX_ENABLE                              0x080001a3   Thumb Code     4  sys.o(.emb_text)
    MSR_MSP                                  0x080001a7   Thumb Code     6  sys.o(.emb_text)
    Reset_Handler                            0x080001ad   Thumb Code     8  startup_stm32f40_41xxx.o(.text)
    ADC_IRQHandler                           0x080001c7   Thumb Code     0  startup_stm32f40_41xxx.o(.text)
    CAN1_RX0_IRQHandler                      0x080001c7   Thumb Code     0  startup_stm32f40_41xxx.o(.text)
    CAN1_RX1_IRQHandler                      0x080001c7   Thumb Code     0  startup_stm32f40_41xxx.o(.text)
    CAN1_SCE_IRQHandler                      0x080001c7   Thumb Code     0  startup_stm32f40_41xxx.o(.text)
    CAN1_TX_IRQHandler                       0x080001c7   Thumb Code     0  startup_stm32f40_41xxx.o(.text)
    CAN2_RX0_IRQHandler                      0x080001c7   Thumb Code     0  startup_stm32f40_41xxx.o(.text)
    CAN2_RX1_IRQHandler                      0x080001c7   Thumb Code     0  startup_stm32f40_41xxx.o(.text)
    CAN2_SCE_IRQHandler                      0x080001c7   Thumb Code     0  startup_stm32f40_41xxx.o(.text)
    CAN2_TX_IRQHandler                       0x080001c7   Thumb Code     0  startup_stm32f40_41xxx.o(.text)
    CRYP_IRQHandler                          0x080001c7   Thumb Code     0  startup_stm32f40_41xxx.o(.text)
    DCMI_IRQHandler                          0x080001c7   Thumb Code     0  startup_stm32f40_41xxx.o(.text)
    DMA1_Stream0_IRQHandler                  0x080001c7   Thumb Code     0  startup_stm32f40_41xxx.o(.text)
    DMA1_Stream1_IRQHandler                  0x080001c7   Thumb Code     0  startup_stm32f40_41xxx.o(.text)
    DMA1_Stream2_IRQHandler                  0x080001c7   Thumb Code     0  startup_stm32f40_41xxx.o(.text)
    DMA1_Stream3_IRQHandler                  0x080001c7   Thumb Code     0  startup_stm32f40_41xxx.o(.text)
    DMA1_Stream4_IRQHandler                  0x080001c7   Thumb Code     0  startup_stm32f40_41xxx.o(.text)
    DMA1_Stream5_IRQHandler                  0x080001c7   Thumb Code     0  startup_stm32f40_41xxx.o(.text)
    DMA1_Stream6_IRQHandler                  0x080001c7   Thumb Code     0  startup_stm32f40_41xxx.o(.text)
    DMA1_Stream7_IRQHandler                  0x080001c7   Thumb Code     0  startup_stm32f40_41xxx.o(.text)
    DMA2_Stream0_IRQHandler                  0x080001c7   Thumb Code     0  startup_stm32f40_41xxx.o(.text)
    DMA2_Stream1_IRQHandler                  0x080001c7   Thumb Code     0  startup_stm32f40_41xxx.o(.text)
    DMA2_Stream2_IRQHandler                  0x080001c7   Thumb Code     0  startup_stm32f40_41xxx.o(.text)
    DMA2_Stream3_IRQHandler                  0x080001c7   Thumb Code     0  startup_stm32f40_41xxx.o(.text)
    DMA2_Stream4_IRQHandler                  0x080001c7   Thumb Code     0  startup_stm32f40_41xxx.o(.text)
    DMA2_Stream5_IRQHandler                  0x080001c7   Thumb Code     0  startup_stm32f40_41xxx.o(.text)
    DMA2_Stream6_IRQHandler                  0x080001c7   Thumb Code     0  startup_stm32f40_41xxx.o(.text)
    DMA2_Stream7_IRQHandler                  0x080001c7   Thumb Code     0  startup_stm32f40_41xxx.o(.text)
    ETH_IRQHandler                           0x080001c7   Thumb Code     0  startup_stm32f40_41xxx.o(.text)
    ETH_WKUP_IRQHandler                      0x080001c7   Thumb Code     0  startup_stm32f40_41xxx.o(.text)
    EXTI0_IRQHandler                         0x080001c7   Thumb Code     0  startup_stm32f40_41xxx.o(.text)
    EXTI15_10_IRQHandler                     0x080001c7   Thumb Code     0  startup_stm32f40_41xxx.o(.text)
    EXTI1_IRQHandler                         0x080001c7   Thumb Code     0  startup_stm32f40_41xxx.o(.text)
    EXTI2_IRQHandler                         0x080001c7   Thumb Code     0  startup_stm32f40_41xxx.o(.text)
    EXTI3_IRQHandler                         0x080001c7   Thumb Code     0  startup_stm32f40_41xxx.o(.text)
    EXTI4_IRQHandler                         0x080001c7   Thumb Code     0  startup_stm32f40_41xxx.o(.text)
    EXTI9_5_IRQHandler                       0x080001c7   Thumb Code     0  startup_stm32f40_41xxx.o(.text)
    FLASH_IRQHandler                         0x080001c7   Thumb Code     0  startup_stm32f40_41xxx.o(.text)
    FPU_IRQHandler                           0x080001c7   Thumb Code     0  startup_stm32f40_41xxx.o(.text)
    FSMC_IRQHandler                          0x080001c7   Thumb Code     0  startup_stm32f40_41xxx.o(.text)
    HASH_RNG_IRQHandler                      0x080001c7   Thumb Code     0  startup_stm32f40_41xxx.o(.text)
    I2C1_ER_IRQHandler                       0x080001c7   Thumb Code     0  startup_stm32f40_41xxx.o(.text)
    I2C1_EV_IRQHandler                       0x080001c7   Thumb Code     0  startup_stm32f40_41xxx.o(.text)
    I2C2_ER_IRQHandler                       0x080001c7   Thumb Code     0  startup_stm32f40_41xxx.o(.text)
    I2C2_EV_IRQHandler                       0x080001c7   Thumb Code     0  startup_stm32f40_41xxx.o(.text)
    I2C3_ER_IRQHandler                       0x080001c7   Thumb Code     0  startup_stm32f40_41xxx.o(.text)
    I2C3_EV_IRQHandler                       0x080001c7   Thumb Code     0  startup_stm32f40_41xxx.o(.text)
    OTG_FS_IRQHandler                        0x080001c7   Thumb Code     0  startup_stm32f40_41xxx.o(.text)
    OTG_FS_WKUP_IRQHandler                   0x080001c7   Thumb Code     0  startup_stm32f40_41xxx.o(.text)
    OTG_HS_EP1_IN_IRQHandler                 0x080001c7   Thumb Code     0  startup_stm32f40_41xxx.o(.text)
    OTG_HS_EP1_OUT_IRQHandler                0x080001c7   Thumb Code     0  startup_stm32f40_41xxx.o(.text)
    OTG_HS_IRQHandler                        0x080001c7   Thumb Code     0  startup_stm32f40_41xxx.o(.text)
    OTG_HS_WKUP_IRQHandler                   0x080001c7   Thumb Code     0  startup_stm32f40_41xxx.o(.text)
    PVD_IRQHandler                           0x080001c7   Thumb Code     0  startup_stm32f40_41xxx.o(.text)
    RCC_IRQHandler                           0x080001c7   Thumb Code     0  startup_stm32f40_41xxx.o(.text)
    RTC_Alarm_IRQHandler                     0x080001c7   Thumb Code     0  startup_stm32f40_41xxx.o(.text)
    RTC_WKUP_IRQHandler                      0x080001c7   Thumb Code     0  startup_stm32f40_41xxx.o(.text)
    SDIO_IRQHandler                          0x080001c7   Thumb Code     0  startup_stm32f40_41xxx.o(.text)
    SPI1_IRQHandler                          0x080001c7   Thumb Code     0  startup_stm32f40_41xxx.o(.text)
    SPI2_IRQHandler                          0x080001c7   Thumb Code     0  startup_stm32f40_41xxx.o(.text)
    SPI3_IRQHandler                          0x080001c7   Thumb Code     0  startup_stm32f40_41xxx.o(.text)
    TAMP_STAMP_IRQHandler                    0x080001c7   Thumb Code     0  startup_stm32f40_41xxx.o(.text)
    TIM1_BRK_TIM9_IRQHandler                 0x080001c7   Thumb Code     0  startup_stm32f40_41xxx.o(.text)
    TIM1_CC_IRQHandler                       0x080001c7   Thumb Code     0  startup_stm32f40_41xxx.o(.text)
    TIM1_TRG_COM_TIM11_IRQHandler            0x080001c7   Thumb Code     0  startup_stm32f40_41xxx.o(.text)
    TIM1_UP_TIM10_IRQHandler                 0x080001c7   Thumb Code     0  startup_stm32f40_41xxx.o(.text)
    TIM2_IRQHandler                          0x080001c7   Thumb Code     0  startup_stm32f40_41xxx.o(.text)
    TIM4_IRQHandler                          0x080001c7   Thumb Code     0  startup_stm32f40_41xxx.o(.text)
    TIM6_DAC_IRQHandler                      0x080001c7   Thumb Code     0  startup_stm32f40_41xxx.o(.text)
    TIM7_IRQHandler                          0x080001c7   Thumb Code     0  startup_stm32f40_41xxx.o(.text)
    TIM8_BRK_TIM12_IRQHandler                0x080001c7   Thumb Code     0  startup_stm32f40_41xxx.o(.text)
    TIM8_CC_IRQHandler                       0x080001c7   Thumb Code     0  startup_stm32f40_41xxx.o(.text)
    TIM8_TRG_COM_TIM14_IRQHandler            0x080001c7   Thumb Code     0  startup_stm32f40_41xxx.o(.text)
    TIM8_UP_TIM13_IRQHandler                 0x080001c7   Thumb Code     0  startup_stm32f40_41xxx.o(.text)
    UART4_IRQHandler                         0x080001c7   Thumb Code     0  startup_stm32f40_41xxx.o(.text)
    UART5_IRQHandler                         0x080001c7   Thumb Code     0  startup_stm32f40_41xxx.o(.text)
    USART2_IRQHandler                        0x080001c7   Thumb Code     0  startup_stm32f40_41xxx.o(.text)
    USART3_IRQHandler                        0x080001c7   Thumb Code     0  startup_stm32f40_41xxx.o(.text)
    USART6_IRQHandler                        0x080001c7   Thumb Code     0  startup_stm32f40_41xxx.o(.text)
    WWDG_IRQHandler                          0x080001c7   Thumb Code     0  startup_stm32f40_41xxx.o(.text)
    __aeabi_memcpy                           0x080001d1   Thumb Code    36  memcpya.o(.text)
    __aeabi_memcpy4                          0x080001d1   Thumb Code     0  memcpya.o(.text)
    __aeabi_memcpy8                          0x080001d1   Thumb Code     0  memcpya.o(.text)
    __aeabi_memset                           0x080001f5   Thumb Code    14  memseta.o(.text)
    __aeabi_memset4                          0x080001f5   Thumb Code     0  memseta.o(.text)
    __aeabi_memset8                          0x080001f5   Thumb Code     0  memseta.o(.text)
    __aeabi_memclr                           0x08000203   Thumb Code     4  memseta.o(.text)
    __aeabi_memclr4                          0x08000203   Thumb Code     0  memseta.o(.text)
    __aeabi_memclr8                          0x08000203   Thumb Code     0  memseta.o(.text)
    _memset$wrapper                          0x08000207   Thumb Code    18  memseta.o(.text)
    strlen                                   0x08000219   Thumb Code    14  strlen.o(.text)
    strcmp                                   0x08000227   Thumb Code    28  strcmp.o(.text)
    strncmp                                  0x08000243   Thumb Code    30  strncmp.o(.text)
    __aeabi_uidiv                            0x08000261   Thumb Code     0  uidiv.o(.text)
    __aeabi_uidivmod                         0x08000261   Thumb Code    44  uidiv.o(.text)
    __aeabi_uldivmod                         0x0800028d   Thumb Code    98  uldiv.o(.text)
    __I$use$fp                               0x080002ef   Thumb Code     0  iusefp.o(.text)
    __aeabi_dadd                             0x080002ef   Thumb Code   322  dadd.o(.text)
    __aeabi_dsub                             0x08000431   Thumb Code     6  dadd.o(.text)
    __aeabi_drsub                            0x08000437   Thumb Code     6  dadd.o(.text)
    __aeabi_dmul                             0x0800043d   Thumb Code   228  dmul.o(.text)
    __aeabi_ddiv                             0x08000521   Thumb Code   222  ddiv.o(.text)
    __aeabi_d2ulz                            0x080005ff   Thumb Code    48  dfixul.o(.text)
    __aeabi_cdrcmple                         0x08000631   Thumb Code    48  cdrcmple.o(.text)
    __scatterload                            0x08000661   Thumb Code    28  init.o(.text)
    __scatterload_rt2                        0x08000661   Thumb Code     0  init.o(.text)
    __aeabi_llsl                             0x08000685   Thumb Code    30  llshl.o(.text)
    _ll_shift_l                              0x08000685   Thumb Code     0  llshl.o(.text)
    __aeabi_llsr                             0x080006a3   Thumb Code    32  llushr.o(.text)
    _ll_ushift_r                             0x080006a3   Thumb Code     0  llushr.o(.text)
    __aeabi_lasr                             0x080006c3   Thumb Code    36  llsshr.o(.text)
    _ll_sshift_r                             0x080006c3   Thumb Code     0  llsshr.o(.text)
    _double_round                            0x080006e7   Thumb Code    30  depilogue.o(.text)
    _double_epilogue                         0x08000705   Thumb Code   156  depilogue.o(.text)
    __decompress                             0x080007a1   Thumb Code     0  __dczerorl2.o(.text)
    __decompress1                            0x080007a1   Thumb Code    86  __dczerorl2.o(.text)
    BusFault_Handler                         0x080007f7   Thumb Code     4  stm32f4xx_it.o(i.BusFault_Handler)
    DebugMon_Handler                         0x080007fb   Thumb Code     2  stm32f4xx_it.o(i.DebugMon_Handler)
    FLASH_DataCacheCmd                       0x080007fd   Thumb Code    30  stm32f4xx_flash.o(i.FLASH_DataCacheCmd)
    FLASH_EraseSector                        0x08000821   Thumb Code   130  stm32f4xx_flash.o(i.FLASH_EraseSector)
    FLASH_GetStatus                          0x080008a9   Thumb Code    80  stm32f4xx_flash.o(i.FLASH_GetStatus)
    FLASH_Lock                               0x080008fd   Thumb Code    14  stm32f4xx_flash.o(i.FLASH_Lock)
    FLASH_ProgramWord                        0x08000911   Thumb Code    74  stm32f4xx_flash.o(i.FLASH_ProgramWord)
    FLASH_Unlock                             0x08000961   Thumb Code    24  stm32f4xx_flash.o(i.FLASH_Unlock)
    FLASH_WaitForLastOperation               0x08000985   Thumb Code    34  stm32f4xx_flash.o(i.FLASH_WaitForLastOperation)
    GPIO_Init                                0x080009a7   Thumb Code   144  stm32f4xx_gpio.o(i.GPIO_Init)
    GPIO_PinAFConfig                         0x08000a37   Thumb Code    70  stm32f4xx_gpio.o(i.GPIO_PinAFConfig)
    GPIO_WriteBit                            0x08000a7d   Thumb Code    10  stm32f4xx_gpio.o(i.GPIO_WriteBit)
    HardFault_Handler                        0x08000a87   Thumb Code     4  stm32f4xx_it.o(i.HardFault_Handler)
    MemManage_Handler                        0x08000a8b   Thumb Code     4  stm32f4xx_it.o(i.MemManage_Handler)
    NMI_Handler                              0x08000a8f   Thumb Code     2  stm32f4xx_it.o(i.NMI_Handler)
    NVIC_Init                                0x08000a91   Thumb Code   106  misc.o(i.NVIC_Init)
    NVIC_PriorityGroupConfig                 0x08000b09   Thumb Code    10  misc.o(i.NVIC_PriorityGroupConfig)
    PendSV_Handler                           0x08000b1d   Thumb Code     2  stm32f4xx_it.o(i.PendSV_Handler)
    RCC_AHB1PeriphClockCmd                   0x08000b21   Thumb Code    26  stm32f4xx_rcc.o(i.RCC_AHB1PeriphClockCmd)
    RCC_APB1PeriphClockCmd                   0x08000b41   Thumb Code    26  stm32f4xx_rcc.o(i.RCC_APB1PeriphClockCmd)
    RCC_APB2PeriphClockCmd                   0x08000b61   Thumb Code    26  stm32f4xx_rcc.o(i.RCC_APB2PeriphClockCmd)
    RCC_GetClocksFreq                        0x08000b81   Thumb Code   214  stm32f4xx_rcc.o(i.RCC_GetClocksFreq)
    STMFLASH_GetFlashSector                  0x08000c69   Thumb Code   116  stmflash.o(i.STMFLASH_GetFlashSector)
    STMFLASH_ReadWord                        0x08000d09   Thumb Code     6  stmflash.o(i.STMFLASH_ReadWord)
    STMFLASH_Write                           0x08000d11   Thumb Code   154  stmflash.o(i.STMFLASH_Write)
    SVC_Handler                              0x08000db1   Thumb Code     2  stm32f4xx_it.o(i.SVC_Handler)
    SysTick_CLKSourceConfig                  0x08000ea1   Thumb Code    40  misc.o(i.SysTick_CLKSourceConfig)
    SysTick_Handler                          0x08000ec9   Thumb Code     2  stm32f4xx_it.o(i.SysTick_Handler)
    SystemInit                               0x08000ecd   Thumb Code    88  system_stm32f4xx.o(i.SystemInit)
    TIM3_IRQHandler                          0x08000f35   Thumb Code    28  bsp_timer.o(i.TIM3_IRQHandler)
    TIM5_IRQHandler                          0x08000f55   Thumb Code    56  bsp_timer.o(i.TIM5_IRQHandler)
    TIM_ClearITPendingBit                    0x08000fb9   Thumb Code     6  stm32f4xx_tim.o(i.TIM_ClearITPendingBit)
    TIM_Cmd                                  0x08000fbf   Thumb Code    24  stm32f4xx_tim.o(i.TIM_Cmd)
    TIM_GetITStatus                          0x08000fd7   Thumb Code    34  stm32f4xx_tim.o(i.TIM_GetITStatus)
    TIM_ITConfig                             0x08000ff9   Thumb Code    18  stm32f4xx_tim.o(i.TIM_ITConfig)
    TIM_TimeBaseInit                         0x0800100d   Thumb Code   104  stm32f4xx_tim.o(i.TIM_TimeBaseInit)
    USART1_IRQHandler                        0x08001091   Thumb Code   100  bsp_uart.o(i.USART1_IRQHandler)
    USART_ClearITPendingBit                  0x08001109   Thumb Code    30  stm32f4xx_usart.o(i.USART_ClearITPendingBit)
    USART_Cmd                                0x08001127   Thumb Code    24  stm32f4xx_usart.o(i.USART_Cmd)
    USART_GetFlagStatus                      0x0800113f   Thumb Code    26  stm32f4xx_usart.o(i.USART_GetFlagStatus)
    USART_GetITStatus                        0x08001159   Thumb Code    84  stm32f4xx_usart.o(i.USART_GetITStatus)
    USART_ITConfig                           0x080011ad   Thumb Code    74  stm32f4xx_usart.o(i.USART_ITConfig)
    USART_Init                               0x080011f9   Thumb Code   204  stm32f4xx_usart.o(i.USART_Init)
    USART_ReceiveData                        0x080012cd   Thumb Code    10  stm32f4xx_usart.o(i.USART_ReceiveData)
    USART_SendData                           0x080012d7   Thumb Code     8  stm32f4xx_usart.o(i.USART_SendData)
    UsageFault_Handler                       0x080012df   Thumb Code     4  stm32f4xx_it.o(i.UsageFault_Handler)
    __0printf                                0x080012e5   Thumb Code    22  printfa.o(i.__0printf)
    __1printf                                0x080012e5   Thumb Code     0  printfa.o(i.__0printf)
    __2printf                                0x080012e5   Thumb Code     0  printfa.o(i.__0printf)
    __c89printf                              0x080012e5   Thumb Code     0  printfa.o(i.__0printf)
    printf                                   0x080012e5   Thumb Code     0  printfa.o(i.__0printf)
    __scatterload_copy                       0x08001305   Thumb Code    14  handlers.o(i.__scatterload_copy)
    __scatterload_null                       0x08001313   Thumb Code     2  handlers.o(i.__scatterload_null)
    __scatterload_zeroinit                   0x08001315   Thumb Code    14  handlers.o(i.__scatterload_zeroinit)
    boot_board_init                          0x08001bd9   Thumb Code    80  schedule.o(i.boot_board_init)
    delay_init                               0x08001cb1   Thumb Code    52  delay.o(i.delay_init)
    delay_us                                 0x08001ced   Thumb Code    72  delay.o(i.delay_us)
    duty_loop                                0x08001d39   Thumb Code    84  schedule.o(i.duty_loop)
    fputc                                    0x08001d95   Thumb Code    22  bsp_uart.o(i.fputc)
    get_sys_time_ms                          0x08001db1   Thumb Code     6  timer.o(i.get_sys_time_ms)
    get_ymodem_status                        0x08001dbd   Thumb Code     6  ymodem.o(i.get_ymodem_status)
    gpio_out_in_init                         0x08001dc9   Thumb Code    92  bsp_gpio.o(i.gpio_out_in_init)
    iap_load_app                             0x08001e25   Thumb Code    50  iap.o(i.iap_load_app)
    iap_write_appbin                         0x08001e61   Thumb Code   132  iap.o(i.iap_write_appbin)
    key_init                                 0x08001ee9   Thumb Code    14  key.o(i.key_init)
    loop_check                               0x08001f81   Thumb Code    82  schedule.o(i.loop_check)
    main                                     0x08001fdd   Thumb Code    16  main.o(i.main)
    malloc                                   0x08001fed   Thumb Code    92  malloc.o(i.malloc)
    reboot                                   0x08002059   Thumb Code     8  commond.o(i.reboot)
    serial_init                              0x08002069   Thumb Code    38  serial.o(i.serial_init)
    set_ymodem_status                        0x080020a1   Thumb Code     6  ymodem.o(i.set_ymodem_status)
    shellBackspace                           0x080020d5   Thumb Code    14  shell.o(i.shellBackspace)
    shellCheckPermission                     0x08002129   Thumb Code    54  shell.o(i.shellCheckPermission)
    shellClear                               0x08002161   Thumb Code    22  shell.o(i.shellClear)
    shellClearCommandLine                    0x0800217d   Thumb Code    40  shell.o(i.shellClearCommandLine)
    shellCmds                                0x080021a5   Thumb Code    18  shell.o(i.shellCmds)
    shellDelete                              0x080021b7   Thumb Code    16  shell.o(i.shellDelete)
    shellDeleteByte                          0x080021c7   Thumb Code   218  shell.o(i.shellDeleteByte)
    shellDeleteCommandLine                   0x080022a1   Thumb Code    28  shell.o(i.shellDeleteCommandLine)
    shellDown                                0x080022c1   Thumb Code    16  shell.o(i.shellDown)
    shellEnter                               0x080022d1   Thumb Code    20  shell.o(i.shellEnter)
    shellExec                                0x080022e5   Thumb Code   108  shell.o(i.shellExec)
    shellExtParsePara                        0x080024e5   Thumb Code    86  shell_ext.o(i.shellExtParsePara)
    shellExtRun                              0x080025a9   Thumb Code   202  shell_ext.o(i.shellExtRun)
    shellGetCurrent                          0x08002729   Thumb Code    48  shell.o(i.shellGetCurrent)
    shellGetVarValue                         0x0800275d   Thumb Code    84  shell.o(i.shellGetVarValue)
    shellHandler                             0x080027b1   Thumb Code   232  shell.o(i.shellHandler)
    shellHelp                                0x0800289d   Thumb Code   128  shell.o(i.shellHelp)
    shellInit                                0x08002a61   Thumb Code   144  shell.o(i.shellInit)
    shellInsertByte                          0x08002b01   Thumb Code   212  shell.o(i.shellInsertByte)
    shellKeys                                0x08002bd9   Thumb Code    18  shell.o(i.shellKeys)
    shellLeft                                0x08002beb   Thumb Code    26  shell.o(i.shellLeft)
    shellListAll                             0x08002c05   Thumb Code    18  shell.o(i.shellListAll)
    shellListCommand                         0x08002c19   Thumb Code    70  shell.o(i.shellListCommand)
    shellListItem                            0x08002c65   Thumb Code   162  shell.o(i.shellListItem)
    shellListKey                             0x08002d0d   Thumb Code    84  shell.o(i.shellListKey)
    shellListUser                            0x08002d65   Thumb Code    84  shell.o(i.shellListUser)
    shellListVar                             0x08002dbd   Thumb Code    84  shell.o(i.shellListVar)
    shellNormalInput                         0x08002e15   Thumb Code    28  shell.o(i.shellNormalInput)
    shellRight                               0x08002f27   Thumb Code    30  shell.o(i.shellRight)
    shellRunCommand                          0x08002f45   Thumb Code   174  shell.o(i.shellRunCommand)
    shellSeekCommand                         0x08002ff3   Thumb Code   132  shell.o(i.shellSeekCommand)
    shellSetVar                              0x080030d5   Thumb Code   106  shell.o(i.shellSetVar)
    shellSetVarValue                         0x08003145   Thumb Code   140  shell.o(i.shellSetVarValue)
    shellTab                                 0x080032d9   Thumb Code   266  shell.o(i.shellTab)
    shellToDec                               0x080033e9   Thumb Code    86  shell.o(i.shellToDec)
    shellToHex                               0x0800343f   Thumb Code    56  shell.o(i.shellToHex)
    shellUp                                  0x08003477   Thumb Code    14  shell.o(i.shellUp)
    shellUsers                               0x08003485   Thumb Code    18  shell.o(i.shellUsers)
    shellVars                                0x08003497   Thumb Code    18  shell.o(i.shellVars)
    shellWriteByte                           0x080034a9   Thumb Code    20  shell.o(i.shellWriteByte)
    shellWriteString                         0x0800359d   Thumb Code    46  shell.o(i.shellWriteString)
    signal_create                            0x080035cb   Thumb Code    40  signal_led.o(i.signal_create)
    signal_handle                            0x080035f5   Thumb Code    50  signal_led.o(i.signal_handle)
    signal_led_init                          0x08003631   Thumb Code    14  signal_led.o(i.signal_led_init)
    signal_led_off                           0x08003649   Thumb Code    16  signal_led.o(i.signal_led_off)
    signal_led_on                            0x08003661   Thumb Code    16  signal_led.o(i.signal_led_on)
    signal_led_toggle_state                  0x08003679   Thumb Code    40  signal_led.o(i.signal_led_toggle_state)
    sys_time                                 0x080036a1   Thumb Code    12  timer.o(i.sys_time)
    timer_base_level_init                    0x080036b1   Thumb Code   126  bsp_timer.o(i.timer_base_level_init)
    timer_init                               0x08003731   Thumb Code    48  timer.o(i.timer_init)
    uart_init                                0x08003771   Thumb Code   190  bsp_uart.o(i.uart_init)
    usart_SendByte                           0x08003831   Thumb Code    28  bsp_uart.o(i.usart_SendByte)
    user_shell_init                          0x08003851   Thumb Code    22  shell_port.o(i.user_shell_init)
    user_shell_write                         0x08003875   Thumb Code    14  shell_port.o(i.user_shell_write)
    ymodem_ota                               0x08003889   Thumb Code    16  commond.o(i.ymodem_ota)
    ymodem_recv                              0x0800389d   Thumb Code   328  ymodem.o(i.ymodem_recv)
    ymodem_task                              0x080039fd   Thumb Code   194  ymodem.o(i.ymodem_task)
    shellCmdDefaultUser                      0x08003b0c   Data           5  shell.o(.constdata)
    shellPasswordDefaultUser                 0x08003b11   Data           1  shell.o(.constdata)
    shellDesDefaultUser                      0x08003b12   Data          13  shell.o(.constdata)
    shellCmdsetVar                           0x08003b1f   Data           7  shell.o(.constdata)
    shellDescsetVar                          0x08003b26   Data           8  shell.o(.constdata)
    shellDesc0x1B5B4100                      0x08003b2e   Data           3  shell.o(.constdata)
    shellDesc0x1B5B4200                      0x08003b31   Data           5  shell.o(.constdata)
    shellDesc0x1B5B4300                      0x08003b36   Data           6  shell.o(.constdata)
    shellDesc0x1B5B4400                      0x08003b3c   Data           5  shell.o(.constdata)
    shellDesc0x09000000                      0x08003b41   Data           4  shell.o(.constdata)
    shellDesc0x08000000                      0x08003b45   Data          10  shell.o(.constdata)
    shellDesc0x7F000000                      0x08003b4f   Data          10  shell.o(.constdata)
    shellDesc0x1B5B337E                      0x08003b59   Data           7  shell.o(.constdata)
    shellDesc0x0A000000                      0x08003b60   Data           6  shell.o(.constdata)
    shellDesc0x0D000000                      0x08003b66   Data           6  shell.o(.constdata)
    shellCmdhelp                             0x08003b6c   Data           5  shell.o(.constdata)
    shellDeschelp                            0x08003b71   Data          30  shell.o(.constdata)
    shellCmdusers                            0x08003b8f   Data           6  shell.o(.constdata)
    shellDescusers                           0x08003b95   Data          14  shell.o(.constdata)
    shellCmdcmds                             0x08003ba3   Data           5  shell.o(.constdata)
    shellDesccmds                            0x08003ba8   Data          13  shell.o(.constdata)
    shellCmdvars                             0x08003bb5   Data           5  shell.o(.constdata)
    shellDescvars                            0x08003bba   Data          13  shell.o(.constdata)
    shellCmdkeys                             0x08003bc7   Data           5  shell.o(.constdata)
    shellDesckeys                            0x08003bcc   Data          13  shell.o(.constdata)
    shellCmdclear                            0x08003bd9   Data           6  shell.o(.constdata)
    shellDescclear                           0x08003bdf   Data          14  shell.o(.constdata)
    shellCmdSIGNAL_TICK                      0x08003bed   Data          12  signal_led.o(.constdata)
    shellDescSIGNAL_TICK                     0x08003bf9   Data           5  signal_led.o(.constdata)
    shellCmdymodem_ota                       0x08003bfe   Data          11  commond.o(.constdata)
    shellDescymodem_ota                      0x08003c09   Data          11  commond.o(.constdata)
    shellCmdreboot                           0x08003c14   Data           7  commond.o(.constdata)
    shellDescreboot                          0x08003c1b   Data           7  commond.o(.constdata)
    Region$$Table$$Base                      0x08003ec8   Number         0  anon$$obj.o(Region$$Table)
    Region$$Table$$Limit                     0x08003ee8   Number         0  anon$$obj.o(Region$$Table)
    shellCommand$$Base                       0x08003ee8   Number         0  shell.o(shellCommand)
    shellUserDefault                         0x08003ee8   Data          16  shell.o(shellCommand)
    shellCommandsetVar                       0x08003ef8   Data          16  shell.o(shellCommand)
    shellKey0x1B5B4100                       0x08003f08   Data          16  shell.o(shellCommand)
    shellKey0x1B5B4200                       0x08003f18   Data          16  shell.o(shellCommand)
    shellKey0x1B5B4300                       0x08003f28   Data          16  shell.o(shellCommand)
    shellKey0x1B5B4400                       0x08003f38   Data          16  shell.o(shellCommand)
    shellKey0x09000000                       0x08003f48   Data          16  shell.o(shellCommand)
    shellKey0x08000000                       0x08003f58   Data          16  shell.o(shellCommand)
    shellKey0x7F000000                       0x08003f68   Data          16  shell.o(shellCommand)
    shellKey0x1B5B337E                       0x08003f78   Data          16  shell.o(shellCommand)
    shellKey0x0A000000                       0x08003f88   Data          16  shell.o(shellCommand)
    shellKey0x0D000000                       0x08003f98   Data          16  shell.o(shellCommand)
    shellCommandhelp                         0x08003fa8   Data          16  shell.o(shellCommand)
    shellCommandusers                        0x08003fb8   Data          16  shell.o(shellCommand)
    shellCommandcmds                         0x08003fc8   Data          16  shell.o(shellCommand)
    shellCommandvars                         0x08003fd8   Data          16  shell.o(shellCommand)
    shellCommandkeys                         0x08003fe8   Data          16  shell.o(shellCommand)
    shellCommandclear                        0x08003ff8   Data          16  shell.o(shellCommand)
    shellVarSIGNAL_TICK                      0x08004008   Data          16  signal_led.o(shellCommand)
    shellCommandymodem_ota                   0x08004018   Data          16  commond.o(shellCommand)
    shellCommandreboot                       0x08004028   Data          16  commond.o(shellCommand)
    shellCommand$$Limit                      0x08004038   Number         0  commond.o(shellCommand)
    __stdout                                 0x20000068   Data           4  bsp_uart.o(.data)
    timer3_config                            0x2000006c   Data          12  timer.o(.data)
    timer5_config                            0x20000078   Data          12  timer.o(.data)
    systime_ms                               0x20000084   Data           4  timer.o(.data)
    red_signal_led_config                    0x20000088   Data           8  signal_led.o(.data)
    SIGNAL_TICK                              0x20000090   Data           4  signal_led.o(.data)
    uart1_config                             0x20000098   Data          24  serial.o(.data)
    uart1_gpio_config                        0x200000b0   Data           8  serial.o(.data)
    key_config                               0x200000b8   Data           8  key.o(.data)
    jump2app                                 0x200000c0   Data           4  iap.o(.data)
    ymodem                                   0x200000c4   Data          48  ymodem.o(.data)
    process                                  0x200000f4   Data           1  ymodem.o(.data)
    check_flag                               0x2000010c   Data           4  schedule.o(.data)
    slgnal_led                               0x20000110   Data           4  schedule.o(.data)
    boot_param                               0x2000013c   Data           8  commond.o(.data)
    __microlib_freelist                      0x20000144   Data           4  mvars.o(.data)
    __microlib_freelist_initialised          0x20000148   Data           4  mvars.o(.data)
    shell                                    0x2000016c   Data         108  shell_port.o(.bss)
    shell_buffer                             0x200001d8   Data         512  shell_port.o(.bss)
    recvBuf                                  0x200003d8   Data        1202  bsp_timer.o(.bss)
    __heap_base                              0x20000890   Data           0  startup_stm32f40_41xxx.o(HEAP)
    __heap_limit                             0x20000a90   Data           0  startup_stm32f40_41xxx.o(HEAP)
    __initial_sp                             0x20000e90   Data           0  startup_stm32f40_41xxx.o(STACK)
    USART_RX_BUF                             0x20001000   Data       122880  bsp_uart.o(.ARM.__AT_0x20001000)
    iapbuf                                   0x2001f000   Data        2048  iap.o(.bss)



==============================================================================

Memory Map of the image

  Image Entry point : 0x08000189

  Load Region LR_IROM1 (Base: 0x08000000, Size: 0x00004184, Max: 0x00010000, ABSOLUTE, COMPRESSED[0x000040d8])

    Execution Region ER_IROM1 (Exec base: 0x08000000, Load base: 0x08000000, Size: 0x00004038, Max: 0x00010000, ABSOLUTE)

    Exec Addr    Load Addr    Size         Type   Attr      Idx    E Section Name        Object

    0x08000000   0x08000000   0x00000188   Data   RO          921    RESET               startup_stm32f40_41xxx.o
    0x08000188   0x08000188   0x00000000   Code   RO         2971  * .ARM.Collect$$$$00000000  mc_w.l(entry.o)
    0x08000188   0x08000188   0x00000004   Code   RO         3275    .ARM.Collect$$$$00000001  mc_w.l(entry2.o)
    0x0800018c   0x0800018c   0x00000004   Code   RO         3278    .ARM.Collect$$$$00000004  mc_w.l(entry5.o)
    0x08000190   0x08000190   0x00000000   Code   RO         3280    .ARM.Collect$$$$00000008  mc_w.l(entry7b.o)
    0x08000190   0x08000190   0x00000000   Code   RO         3282    .ARM.Collect$$$$0000000A  mc_w.l(entry8b.o)
    0x08000190   0x08000190   0x00000008   Code   RO         3283    .ARM.Collect$$$$0000000B  mc_w.l(entry9a.o)
    0x08000198   0x08000198   0x00000000   Code   RO         3285    .ARM.Collect$$$$0000000D  mc_w.l(entry10a.o)
    0x08000198   0x08000198   0x00000000   Code   RO         3287    .ARM.Collect$$$$0000000F  mc_w.l(entry11a.o)
    0x08000198   0x08000198   0x00000004   Code   RO         3276    .ARM.Collect$$$$00002712  mc_w.l(entry2.o)
    0x0800019c   0x0800019c   0x00000010   Code   RO          429    .emb_text           sys.o
    0x080001ac   0x080001ac   0x00000024   Code   RO          922    .text               startup_stm32f40_41xxx.o
    0x080001d0   0x080001d0   0x00000024   Code   RO         2974    .text               mc_w.l(memcpya.o)
    0x080001f4   0x080001f4   0x00000024   Code   RO         2976    .text               mc_w.l(memseta.o)
    0x08000218   0x08000218   0x0000000e   Code   RO         2978    .text               mc_w.l(strlen.o)
    0x08000226   0x08000226   0x0000001c   Code   RO         2980    .text               mc_w.l(strcmp.o)
    0x08000242   0x08000242   0x0000001e   Code   RO         2982    .text               mc_w.l(strncmp.o)
    0x08000260   0x08000260   0x0000002c   Code   RO         3289    .text               mc_w.l(uidiv.o)
    0x0800028c   0x0800028c   0x00000062   Code   RO         3291    .text               mc_w.l(uldiv.o)
    0x080002ee   0x080002ee   0x00000000   Code   RO         3295    .text               mc_w.l(iusefp.o)
    0x080002ee   0x080002ee   0x0000014e   Code   RO         3296    .text               mf_w.l(dadd.o)
    0x0800043c   0x0800043c   0x000000e4   Code   RO         3298    .text               mf_w.l(dmul.o)
    0x08000520   0x08000520   0x000000de   Code   RO         3300    .text               mf_w.l(ddiv.o)
    0x080005fe   0x080005fe   0x00000030   Code   RO         3302    .text               mf_w.l(dfixul.o)
    0x0800062e   0x0800062e   0x00000002   PAD
    0x08000630   0x08000630   0x00000030   Code   RO         3304    .text               mf_w.l(cdrcmple.o)
    0x08000660   0x08000660   0x00000024   Code   RO         3306    .text               mc_w.l(init.o)
    0x08000684   0x08000684   0x0000001e   Code   RO         3308    .text               mc_w.l(llshl.o)
    0x080006a2   0x080006a2   0x00000020   Code   RO         3310    .text               mc_w.l(llushr.o)
    0x080006c2   0x080006c2   0x00000024   Code   RO         3312    .text               mc_w.l(llsshr.o)
    0x080006e6   0x080006e6   0x000000ba   Code   RO         3314    .text               mf_w.l(depilogue.o)
    0x080007a0   0x080007a0   0x00000056   Code   RO         3324    .text               mc_w.l(__dczerorl2.o)
    0x080007f6   0x080007f6   0x00000004   Code   RO          148    i.BusFault_Handler  stm32f4xx_it.o
    0x080007fa   0x080007fa   0x00000002   Code   RO          149    i.DebugMon_Handler  stm32f4xx_it.o
    0x080007fc   0x080007fc   0x00000024   Code   RO         1649    i.FLASH_DataCacheCmd  stm32f4xx_flash.o
    0x08000820   0x08000820   0x00000088   Code   RO         1654    i.FLASH_EraseSector  stm32f4xx_flash.o
    0x080008a8   0x080008a8   0x00000054   Code   RO         1656    i.FLASH_GetStatus   stm32f4xx_flash.o
    0x080008fc   0x080008fc   0x00000014   Code   RO         1660    i.FLASH_Lock        stm32f4xx_flash.o
    0x08000910   0x08000910   0x00000050   Code   RO         1684    i.FLASH_ProgramWord  stm32f4xx_flash.o
    0x08000960   0x08000960   0x00000024   Code   RO         1686    i.FLASH_Unlock      stm32f4xx_flash.o
    0x08000984   0x08000984   0x00000022   Code   RO         1687    i.FLASH_WaitForLastOperation  stm32f4xx_flash.o
    0x080009a6   0x080009a6   0x00000090   Code   RO          973    i.GPIO_Init         stm32f4xx_gpio.o
    0x08000a36   0x08000a36   0x00000046   Code   RO          974    i.GPIO_PinAFConfig  stm32f4xx_gpio.o
    0x08000a7c   0x08000a7c   0x0000000a   Code   RO          985    i.GPIO_WriteBit     stm32f4xx_gpio.o
    0x08000a86   0x08000a86   0x00000004   Code   RO          150    i.HardFault_Handler  stm32f4xx_it.o
    0x08000a8a   0x08000a8a   0x00000004   Code   RO          151    i.MemManage_Handler  stm32f4xx_it.o
    0x08000a8e   0x08000a8e   0x00000002   Code   RO          152    i.NMI_Handler       stm32f4xx_it.o
    0x08000a90   0x08000a90   0x00000078   Code   RO          928    i.NVIC_Init         misc.o
    0x08000b08   0x08000b08   0x00000014   Code   RO          929    i.NVIC_PriorityGroupConfig  misc.o
    0x08000b1c   0x08000b1c   0x00000002   Code   RO          153    i.PendSV_Handler    stm32f4xx_it.o
    0x08000b1e   0x08000b1e   0x00000002   PAD
    0x08000b20   0x08000b20   0x00000020   Code   RO         1070    i.RCC_AHB1PeriphClockCmd  stm32f4xx_rcc.o
    0x08000b40   0x08000b40   0x00000020   Code   RO         1079    i.RCC_APB1PeriphClockCmd  stm32f4xx_rcc.o
    0x08000b60   0x08000b60   0x00000020   Code   RO         1082    i.RCC_APB2PeriphClockCmd  stm32f4xx_rcc.o
    0x08000b80   0x08000b80   0x000000e8   Code   RO         1091    i.RCC_GetClocksFreq  stm32f4xx_rcc.o
    0x08000c68   0x08000c68   0x000000a0   Code   RO         2599    i.STMFLASH_GetFlashSector  stmflash.o
    0x08000d08   0x08000d08   0x00000006   Code   RO         2601    i.STMFLASH_ReadWord  stmflash.o
    0x08000d0e   0x08000d0e   0x00000002   PAD
    0x08000d10   0x08000d10   0x000000a0   Code   RO         2602    i.STMFLASH_Write    stmflash.o
    0x08000db0   0x08000db0   0x00000002   Code   RO          154    i.SVC_Handler       stm32f4xx_it.o
    0x08000db2   0x08000db2   0x00000002   PAD
    0x08000db4   0x08000db4   0x000000ec   Code   RO          320    i.SetSysClock       system_stm32f4xx.o
    0x08000ea0   0x08000ea0   0x00000028   Code   RO          932    i.SysTick_CLKSourceConfig  misc.o
    0x08000ec8   0x08000ec8   0x00000002   Code   RO          155    i.SysTick_Handler   stm32f4xx_it.o
    0x08000eca   0x08000eca   0x00000002   PAD
    0x08000ecc   0x08000ecc   0x00000068   Code   RO          322    i.SystemInit        system_stm32f4xx.o
    0x08000f34   0x08000f34   0x00000020   Code   RO         2487    i.TIM3_IRQHandler   bsp_timer.o
    0x08000f54   0x08000f54   0x00000064   Code   RO         2488    i.TIM5_IRQHandler   bsp_timer.o
    0x08000fb8   0x08000fb8   0x00000006   Code   RO         1913    i.TIM_ClearITPendingBit  stm32f4xx_tim.o
    0x08000fbe   0x08000fbe   0x00000018   Code   RO         1918    i.TIM_Cmd           stm32f4xx_tim.o
    0x08000fd6   0x08000fd6   0x00000022   Code   RO         1939    i.TIM_GetITStatus   stm32f4xx_tim.o
    0x08000ff8   0x08000ff8   0x00000012   Code   RO         1943    i.TIM_ITConfig      stm32f4xx_tim.o
    0x0800100a   0x0800100a   0x00000002   PAD
    0x0800100c   0x0800100c   0x00000084   Code   RO         1990    i.TIM_TimeBaseInit  stm32f4xx_tim.o
    0x08001090   0x08001090   0x00000078   Code   RO         2539    i.USART1_IRQHandler  bsp_uart.o
    0x08001108   0x08001108   0x0000001e   Code   RO         1461    i.USART_ClearITPendingBit  stm32f4xx_usart.o
    0x08001126   0x08001126   0x00000018   Code   RO         1464    i.USART_Cmd         stm32f4xx_usart.o
    0x0800113e   0x0800113e   0x0000001a   Code   RO         1467    i.USART_GetFlagStatus  stm32f4xx_usart.o
    0x08001158   0x08001158   0x00000054   Code   RO         1468    i.USART_GetITStatus  stm32f4xx_usart.o
    0x080011ac   0x080011ac   0x0000004a   Code   RO         1470    i.USART_ITConfig    stm32f4xx_usart.o
    0x080011f6   0x080011f6   0x00000002   PAD
    0x080011f8   0x080011f8   0x000000d4   Code   RO         1471    i.USART_Init        stm32f4xx_usart.o
    0x080012cc   0x080012cc   0x0000000a   Code   RO         1478    i.USART_ReceiveData  stm32f4xx_usart.o
    0x080012d6   0x080012d6   0x00000008   Code   RO         1481    i.USART_SendData    stm32f4xx_usart.o
    0x080012de   0x080012de   0x00000004   Code   RO          156    i.UsageFault_Handler  stm32f4xx_it.o
    0x080012e2   0x080012e2   0x00000002   PAD
    0x080012e4   0x080012e4   0x00000020   Code   RO         3219    i.__0printf         mc_w.l(printfa.o)
    0x08001304   0x08001304   0x0000000e   Code   RO         3318    i.__scatterload_copy  mc_w.l(handlers.o)
    0x08001312   0x08001312   0x00000002   Code   RO         3319    i.__scatterload_null  mc_w.l(handlers.o)
    0x08001314   0x08001314   0x0000000e   Code   RO         3320    i.__scatterload_zeroinit  mc_w.l(handlers.o)
    0x08001322   0x08001322   0x00000002   PAD
    0x08001324   0x08001324   0x00000184   Code   RO         3226    i._fp_digits        mc_w.l(printfa.o)
    0x080014a8   0x080014a8   0x000006dc   Code   RO         3227    i._printf_core      mc_w.l(printfa.o)
    0x08001b84   0x08001b84   0x00000024   Code   RO         3228    i._printf_post_padding  mc_w.l(printfa.o)
    0x08001ba8   0x08001ba8   0x0000002e   Code   RO         3229    i._printf_pre_padding  mc_w.l(printfa.o)
    0x08001bd6   0x08001bd6   0x00000002   PAD
    0x08001bd8   0x08001bd8   0x000000d8   Code   RO         2889    i.boot_board_init   schedule.o
    0x08001cb0   0x08001cb0   0x0000003c   Code   RO          357    i.delay_init        delay.o
    0x08001cec   0x08001cec   0x0000004c   Code   RO          359    i.delay_us          delay.o
    0x08001d38   0x08001d38   0x0000005c   Code   RO         2890    i.duty_loop         schedule.o
    0x08001d94   0x08001d94   0x0000001c   Code   RO         2541    i.fputc             bsp_uart.o
    0x08001db0   0x08001db0   0x0000000c   Code   RO         2641    i.get_sys_time_ms   timer.o
    0x08001dbc   0x08001dbc   0x0000000c   Code   RO         2848    i.get_ymodem_status  ymodem.o
    0x08001dc8   0x08001dc8   0x0000005c   Code   RO         2464    i.gpio_out_in_init  bsp_gpio.o
    0x08001e24   0x08001e24   0x0000003c   Code   RO         2815    i.iap_load_app      iap.o
    0x08001e60   0x08001e60   0x00000088   Code   RO         2816    i.iap_write_appbin  iap.o
    0x08001ee8   0x08001ee8   0x00000018   Code   RO         2783    i.key_init          key.o
    0x08001f00   0x08001f00   0x00000010   Code   RO         2891    i.loop_1000hz       schedule.o
    0x08001f10   0x08001f10   0x0000006c   Code   RO         2892    i.loop_100hz        schedule.o
    0x08001f7c   0x08001f7c   0x00000002   Code   RO         2893    i.loop_500hz        schedule.o
    0x08001f7e   0x08001f7e   0x00000002   PAD
    0x08001f80   0x08001f80   0x0000005c   Code   RO         2894    i.loop_check        schedule.o
    0x08001fdc   0x08001fdc   0x00000010   Code   RO            3    i.main              main.o
    0x08001fec   0x08001fec   0x0000006c   Code   RO         3248    i.malloc            mc_w.l(malloc.o)
    0x08002058   0x08002058   0x00000010   Code   RO         2939    i.reboot            commond.o
    0x08002068   0x08002068   0x00000038   Code   RO         2757    i.serial_init       serial.o
    0x080020a0   0x080020a0   0x0000000c   Code   RO         2849    i.set_ymodem_status  ymodem.o
    0x080020ac   0x080020ac   0x00000028   Code   RO          447    i.shellAdd          shell.o
    0x080020d4   0x080020d4   0x0000000e   Code   RO          448    i.shellBackspace    shell.o
    0x080020e2   0x080020e2   0x00000002   PAD
    0x080020e4   0x080020e4   0x00000044   Code   RO          449    i.shellCheckPassword  shell.o
    0x08002128   0x08002128   0x00000036   Code   RO          450    i.shellCheckPermission  shell.o
    0x0800215e   0x0800215e   0x00000002   PAD
    0x08002160   0x08002160   0x0000001c   Code   RO          451    i.shellClear        shell.o
    0x0800217c   0x0800217c   0x00000028   Code   RO          452    i.shellClearCommandLine  shell.o
    0x080021a4   0x080021a4   0x00000012   Code   RO          453    i.shellCmds         shell.o
    0x080021b6   0x080021b6   0x00000010   Code   RO          454    i.shellDelete       shell.o
    0x080021c6   0x080021c6   0x000000da   Code   RO          455    i.shellDeleteByte   shell.o
    0x080022a0   0x080022a0   0x00000020   Code   RO          456    i.shellDeleteCommandLine  shell.o
    0x080022c0   0x080022c0   0x00000010   Code   RO          457    i.shellDown         shell.o
    0x080022d0   0x080022d0   0x00000014   Code   RO          458    i.shellEnter        shell.o
    0x080022e4   0x080022e4   0x00000074   Code   RO          459    i.shellExec         shell.o
    0x08002358   0x08002358   0x00000058   Code   RO          828    i.shellExtNumType   shell_ext.o
    0x080023b0   0x080023b0   0x00000046   Code   RO          829    i.shellExtParseChar  shell_ext.o
    0x080023f6   0x080023f6   0x00000002   PAD
    0x080023f8   0x080023f8   0x000000ec   Code   RO          830    i.shellExtParseNumber  shell_ext.o
    0x080024e4   0x080024e4   0x00000056   Code   RO          831    i.shellExtParsePara  shell_ext.o
    0x0800253a   0x0800253a   0x0000004a   Code   RO          832    i.shellExtParseString  shell_ext.o
    0x08002584   0x08002584   0x00000024   Code   RO          833    i.shellExtParseVar  shell_ext.o
    0x080025a8   0x080025a8   0x000000ca   Code   RO          834    i.shellExtRun       shell_ext.o
    0x08002672   0x08002672   0x00000036   Code   RO          835    i.shellExtToNum     shell_ext.o
    0x080026a8   0x080026a8   0x00000030   Code   RO          460    i.shellGetCommandDesc  shell.o
    0x080026d8   0x080026d8   0x00000050   Code   RO          461    i.shellGetCommandName  shell.o
    0x08002728   0x08002728   0x00000034   Code   RO          462    i.shellGetCurrent   shell.o
    0x0800275c   0x0800275c   0x00000054   Code   RO          463    i.shellGetVarValue  shell.o
    0x080027b0   0x080027b0   0x000000ec   Code   RO          464    i.shellHandler      shell.o
    0x0800289c   0x0800289c   0x00000088   Code   RO          465    i.shellHelp         shell.o
    0x08002924   0x08002924   0x000000c2   Code   RO          466    i.shellHistory      shell.o
    0x080029e6   0x080029e6   0x0000007a   Code   RO          467    i.shellHistoryAdd   shell.o
    0x08002a60   0x08002a60   0x000000a0   Code   RO          468    i.shellInit         shell.o
    0x08002b00   0x08002b00   0x000000d8   Code   RO          469    i.shellInsertByte   shell.o
    0x08002bd8   0x08002bd8   0x00000012   Code   RO          470    i.shellKeys         shell.o
    0x08002bea   0x08002bea   0x0000001a   Code   RO          471    i.shellLeft         shell.o
    0x08002c04   0x08002c04   0x00000012   Code   RO          472    i.shellListAll      shell.o
    0x08002c16   0x08002c16   0x00000002   PAD
    0x08002c18   0x08002c18   0x0000004c   Code   RO          473    i.shellListCommand  shell.o
    0x08002c64   0x08002c64   0x000000a8   Code   RO          474    i.shellListItem     shell.o
    0x08002d0c   0x08002d0c   0x00000058   Code   RO          475    i.shellListKey      shell.o
    0x08002d64   0x08002d64   0x00000058   Code   RO          476    i.shellListUser     shell.o
    0x08002dbc   0x08002dbc   0x00000058   Code   RO          477    i.shellListVar      shell.o
    0x08002e14   0x08002e14   0x0000001c   Code   RO          478    i.shellNormalInput  shell.o
    0x08002e30   0x08002e30   0x0000008e   Code   RO          479    i.shellParserParam  shell.o
    0x08002ebe   0x08002ebe   0x00000068   Code   RO          481    i.shellRemoveParamQuotes  shell.o
    0x08002f26   0x08002f26   0x0000001e   Code   RO          482    i.shellRight        shell.o
    0x08002f44   0x08002f44   0x000000ae   Code   RO          484    i.shellRunCommand   shell.o
    0x08002ff2   0x08002ff2   0x00000084   Code   RO          485    i.shellSeekCommand  shell.o
    0x08003076   0x08003076   0x00000002   PAD
    0x08003078   0x08003078   0x0000005c   Code   RO          486    i.shellSetUser      shell.o
    0x080030d4   0x080030d4   0x00000070   Code   RO          487    i.shellSetVar       shell.o
    0x08003144   0x08003144   0x00000090   Code   RO          488    i.shellSetVarValue  shell.o
    0x080031d4   0x080031d4   0x000000c0   Code   RO          489    i.shellShowVar      shell.o
    0x08003294   0x08003294   0x0000002c   Code   RO          490    i.shellStringCompare  shell.o
    0x080032c0   0x080032c0   0x00000018   Code   RO          491    i.shellStringCopy   shell.o
    0x080032d8   0x080032d8   0x00000110   Code   RO          492    i.shellTab          shell.o
    0x080033e8   0x080033e8   0x00000056   Code   RO          494    i.shellToDec        shell.o
    0x0800343e   0x0800343e   0x00000038   Code   RO          495    i.shellToHex        shell.o
    0x08003476   0x08003476   0x0000000e   Code   RO          496    i.shellUp           shell.o
    0x08003484   0x08003484   0x00000012   Code   RO          497    i.shellUsers        shell.o
    0x08003496   0x08003496   0x00000012   Code   RO          498    i.shellVars         shell.o
    0x080034a8   0x080034a8   0x00000014   Code   RO          499    i.shellWriteByte    shell.o
    0x080034bc   0x080034bc   0x00000054   Code   RO          501    i.shellWriteCommandLine  shell.o
    0x08003510   0x08003510   0x0000008c   Code   RO          502    i.shellWriteReturnValue  shell.o
    0x0800359c   0x0800359c   0x0000002e   Code   RO          503    i.shellWriteString  shell.o
    0x080035ca   0x080035ca   0x00000028   Code   RO         2685    i.signal_create     signal_led.o
    0x080035f2   0x080035f2   0x00000002   PAD
    0x080035f4   0x080035f4   0x0000003c   Code   RO         2686    i.signal_handle     signal_led.o
    0x08003630   0x08003630   0x00000018   Code   RO         2687    i.signal_led_init   signal_led.o
    0x08003648   0x08003648   0x00000018   Code   RO         2688    i.signal_led_off    signal_led.o
    0x08003660   0x08003660   0x00000018   Code   RO         2689    i.signal_led_on     signal_led.o
    0x08003678   0x08003678   0x00000028   Code   RO         2691    i.signal_led_toggle_state  signal_led.o
    0x080036a0   0x080036a0   0x00000010   Code   RO         2642    i.sys_time          timer.o
    0x080036b0   0x080036b0   0x0000007e   Code   RO         2489    i.timer_base_level_init  bsp_timer.o
    0x0800372e   0x0800372e   0x00000002   PAD
    0x08003730   0x08003730   0x00000040   Code   RO         2643    i.timer_init        timer.o
    0x08003770   0x08003770   0x000000be   Code   RO         2542    i.uart_init         bsp_uart.o
    0x0800382e   0x0800382e   0x00000002   PAD
    0x08003830   0x08003830   0x00000020   Code   RO         2543    i.usart_SendByte    bsp_uart.o
    0x08003850   0x08003850   0x00000024   Code   RO          881    i.user_shell_init   shell_port.o
    0x08003874   0x08003874   0x00000014   Code   RO          882    i.user_shell_write  shell_port.o
    0x08003888   0x08003888   0x00000014   Code   RO         2940    i.ymodem_ota        commond.o
    0x0800389c   0x0800389c   0x00000160   Code   RO         2850    i.ymodem_recv       ymodem.o
    0x080039fc   0x080039fc   0x00000110   Code   RO         2851    i.ymodem_task       ymodem.o
    0x08003b0c   0x08003b0c   0x000000e1   Data   RO          505    .constdata          shell.o
    0x08003bed   0x08003bed   0x00000011   Data   RO         2692    .constdata          signal_led.o
    0x08003bfe   0x08003bfe   0x00000024   Data   RO         2941    .constdata          commond.o
    0x08003c22   0x08003c22   0x00000002   PAD
    0x08003c24   0x08003c24   0x000002a4   Data   RO          506    .conststring        shell.o
    0x08003ec8   0x08003ec8   0x00000020   Data   RO         3316    Region$$Table       anon$$obj.o
    0x08003ee8   0x08003ee8   0x00000120   Data   RO          508    shellCommand        shell.o
    0x08004008   0x08004008   0x00000010   Data   RO         2694    shellCommand        signal_led.o
    0x08004018   0x08004018   0x00000020   Data   RO         2943    shellCommand        commond.o


    Execution Region RW_IRAM1 (Exec base: 0x20000000, Load base: 0x08004038, Size: 0x0001f800, Max: 0x00020000, ABSOLUTE, COMPRESSED[0x000000a0])

    Exec Addr    Load Addr    Size         Type   Attr      Idx    E Section Name        Object

    0x20000000   COMPRESSED   0x00000004   Data   RW          361    .data               delay.o
    0x20000004   COMPRESSED   0x00000054   Data   RW          507    .data               shell.o
    0x20000058   COMPRESSED   0x00000010   Data   RW         1123    .data               stm32f4xx_rcc.o
    0x20000068   COMPRESSED   0x00000004   Data   RW         2545    .data               bsp_uart.o
    0x2000006c   COMPRESSED   0x0000001c   Data   RW         2644    .data               timer.o
    0x20000088   COMPRESSED   0x00000010   Data   RW         2693    .data               signal_led.o
    0x20000098   COMPRESSED   0x00000020   Data   RW         2758    .data               serial.o
    0x200000b8   COMPRESSED   0x00000008   Data   RW         2785    .data               key.o
    0x200000c0   COMPRESSED   0x00000004   Data   RW         2818    .data               iap.o
    0x200000c4   COMPRESSED   0x00000048   Data   RW         2852    .data               ymodem.o
    0x2000010c   COMPRESSED   0x00000030   Data   RW         2895    .data               schedule.o
    0x2000013c   COMPRESSED   0x00000008   Data   RW         2942    .data               commond.o
    0x20000144   COMPRESSED   0x00000004   Data   RW         3293    .data               mc_w.l(mvars.o)
    0x20000148   COMPRESSED   0x00000004   Data   RW         3294    .data               mc_w.l(mvars.o)
    0x2000014c        -       0x0000001d   Zero   RW          504    .bss                shell.o
    0x20000169   COMPRESSED   0x00000003   PAD
    0x2000016c        -       0x0000026c   Zero   RW          883    .bss                shell_port.o
    0x200003d8        -       0x000004b2   Zero   RW         2490    .bss                bsp_timer.o
    0x2000088a   COMPRESSED   0x00000006   PAD
    0x20000890        -       0x00000200   Zero   RW          920    HEAP                startup_stm32f40_41xxx.o
    0x20000a90        -       0x00000400   Zero   RW          919    STACK               startup_stm32f40_41xxx.o
    0x20000e90   COMPRESSED   0x00000170   PAD
    0x20001000        -       0x0001e000   Zero   RW         2544    .ARM.__AT_0x20001000  bsp_uart.o
    0x2001f000        -       0x00000800   Zero   RW         2817    .bss                iap.o


==============================================================================

Image component sizes


      Code (inc. data)   RO Data    RW Data    ZI Data      Debug   Object Name

        92          0          0          0          0       1299   bsp_gpio.o
       258         48          0          0       1202       3766   bsp_timer.o
       370         30          0          4     122880       5222   bsp_uart.o
        36         12         68          8          0       2351   commond.o
       136         12          0          4          0     230388   delay.o
       196         14          0          4       2048       3644   iap.o
        24         10          0          8          0        660   key.o
        16          0          0          0          0     277347   main.o
       180         24          0          0          0       2001   misc.o
       526        194          0         48          0       3759   schedule.o
        56         18          0         32          0        759   serial.o
      4550        216       1189         84         29      44290   shell.o
         0          0          0          0          0       5196   shell_cmd_list.o
       846         12          0          0          0       6670   shell_ext.o
        56         20          0          0        620       2645   shell_port.o
       212         36         33         16          0       4190   signal_led.o
        36          8        392          0       1536        820   startup_stm32f40_41xxx.o
       426         40          0          0          0       4352   stm32f4xx_flash.o
       224          0          0          0          0       2295   stm32f4xx_gpio.o
        26          0          0          0          0      60686   stm32f4xx_it.o
       328         36          0         16          0       4511   stm32f4xx_rcc.o
       214         28          0          0          0       3558   stm32f4xx_tim.o
       468          8          0          0          0       5955   stm32f4xx_usart.o
       326         50          0          0          0       2495   stmflash.o
        16          0          0          0          0        480   sys.o
       340         32          0          0          0       1417   system_stm32f4xx.o
        92         26          0         28          0       1667   timer.o
       648        114          0         72          0       3157   ymodem.o

    ----------------------------------------------------------------------
     10730        988       1716        324     128692     685580   Object Totals
         0          0         32          0          0          0   (incl. Generated)
        32          0          2          0        377          0   (incl. Padding)

    ----------------------------------------------------------------------

      Code (inc. data)   RO Data    RW Data    ZI Data      Debug   Library Member Name

        86          0          0          0          0          0   __dczerorl2.o
         0          0          0          0          0          0   entry.o
         0          0          0          0          0          0   entry10a.o
         0          0          0          0          0          0   entry11a.o
         8          4          0          0          0          0   entry2.o
         4          0          0          0          0          0   entry5.o
         0          0          0          0          0          0   entry7b.o
         0          0          0          0          0          0   entry8b.o
         8          4          0          0          0          0   entry9a.o
        30          0          0          0          0          0   handlers.o
        36          8          0          0          0         68   init.o
         0          0          0          0          0          0   iusefp.o
        30          0          0          0          0         68   llshl.o
        36          0          0          0          0         68   llsshr.o
        32          0          0          0          0         68   llushr.o
       108         16          0          0          0         84   malloc.o
        36          0          0          0          0         68   memcpya.o
        36          0          0          0          0        108   memseta.o
         0          0          0          8          0          0   mvars.o
      2258         90          0          0          0        452   printfa.o
        28          0          0          0          0         76   strcmp.o
        14          0          0          0          0         68   strlen.o
        30          0          0          0          0         80   strncmp.o
        44          0          0          0          0         80   uidiv.o
        98          0          0          0          0         92   uldiv.o
        48          0          0          0          0         68   cdrcmple.o
       334          0          0          0          0        148   dadd.o
       222          0          0          0          0        100   ddiv.o
       186          0          0          0          0        176   depilogue.o
        48          0          0          0          0         68   dfixul.o
       228          0          0          0          0         96   dmul.o

    ----------------------------------------------------------------------
      3994        122          0          8          0       2036   Library Totals
         6          0          0          0          0          0   (incl. Padding)

    ----------------------------------------------------------------------

      Code (inc. data)   RO Data    RW Data    ZI Data      Debug   Library Name

      2922        122          0          8          0       1380   mc_w.l
      1066          0          0          0          0        656   mf_w.l

    ----------------------------------------------------------------------
      3994        122          0          8          0       2036   Library Totals

    ----------------------------------------------------------------------

==============================================================================


      Code (inc. data)   RO Data    RW Data    ZI Data      Debug   

     14724       1110       1716        332     128692     673160   Grand Totals
     14724       1110       1716        160     128692     673160   ELF Image Totals (compressed)
     14724       1110       1716        160          0          0   ROM Totals

==============================================================================

    Total RO  Size (Code + RO Data)                16440 (  16.05kB)
    Total RW  Size (RW Data + ZI Data)            129024 ( 126.00kB)
    Total ROM Size (Code + RO Data + RW Data)      16600 (  16.21kB)

==============================================================================

